C51 COMPILER V9.60.7.0   TEST                                                              12/28/2023 14:20:22 PAGE 1   


C51 COMPILER V9.60.7.0, COMPILATION OF MODULE TEST
NO OBJECT MODULE REQUESTED
COMPILER INVOKED BY: C:\Keil_v5\C51\BIN\C51.EXE test.c OPTIMIZE(8,SPEED) BROWSE INCDIR(.\XmRTOS) DEBUG OBJECTEXTEND CODE
                    - PRINT(.\Listings\test.lst) SRC(.\Objects\test.SRC)

line level    source

   1          
   2          void PUSH_ALL_STACK(void)
   3          {
   4   1              __asm PUSH PSW
   5   1              __asm PUSH ACC
   6   1              __asm PUSH B
   7   1              __asm PUSH DPL
   8   1              __asm PUSH DPH
   9   1              __asm MOV  A,R0 ;R0~R7»Î’ª
  10   1              __asm PUSH ACC
  11   1              __asm MOV  A,R1
  12   1              __asm PUSH ACC
  13   1              __asm MOV  A,R2
  14   1              __asm PUSH ACC
  15   1              __asm MOV  A,R3
  16   1              __asm PUSH ACC
  17   1              __asm MOV  A,R4
  18   1              __asm PUSH ACC
  19   1              __asm MOV  A,R5
  20   1              __asm PUSH ACC
  21   1              __asm MOV  A,R6
  22   1              __asm PUSH ACC
  23   1              __asm MOV  A,R7
  24   1              __asm PUSH ACC
  25   1              
  26   1      }
  27          void POP_ALL_STACK(void)
  28          {
  29   1      
  30   1              __asm POP  ACC  ;R0~R7≥ˆ’ª
  31   1              __asm MOV  R7,A
  32   1              __asm POP  ACC
  33   1              __asm MOV  R6,A
  34   1              __asm POP  ACC
  35   1              __asm MOV  R5,A
  36   1              __asm POP  ACC
  37   1              __asm MOV  R4,A
  38   1              __asm POP  ACC
  39   1              __asm MOV  R3,A
  40   1              __asm POP  ACC
  41   1              __asm MOV  R2,A
  42   1              __asm POP  ACC
  43   1              __asm MOV  R1,A
  44   1              __asm POP  ACC
  45   1              __asm MOV  R0,A
  46   1              __asm POP  DPH
  47   1              __asm POP  DPL
  48   1              __asm POP  B
  49   1              __asm POP  ACC
  50   1              __asm POP  PSW  
  51   1      }


MODULE INFORMATION:   STATIC OVERLAYABLE
C51 COMPILER V9.60.7.0   TEST                                                              12/28/2023 14:20:22 PAGE 2   

   CODE SIZE        =    128    ----
   CONSTANT SIZE    =   ----    ----
   XDATA SIZE       =   ----    ----
   PDATA SIZE       =   ----    ----
   DATA SIZE        =   ----    ----
   IDATA SIZE       =   ----    ----
   BIT SIZE         =   ----    ----
END OF MODULE INFORMATION.


C51 COMPILATION COMPLETE.  0 WARNING(S),  0 ERROR(S)
