BL51 BANKED LINKER/LOCATER V6.22.4.0                                                    12/30/2023  14:54:04  PAGE 1


BL51 BANKED LINKER/LOCATER V6.22.4.0, INVOKED BY:
C:\KEIL_V5\C51\BIN\BL51.EXE .\Objects\STARTUP.obj, .\Objects\main.obj, .\Objects\os_task.obj, .\Objects\os_mcu.obj, .\Ob
>> jects\ringBuffer.obj TO .\Objects\ºôÎüµÆpwm PRINT (.\Listings\ºôÎüµÆpwm.m51) RAMSIZE (256)


MEMORY MODEL: SMALL


INPUT MODULES INCLUDED:
  .\Objects\STARTUP.obj (?C_STARTUP)
  .\Objects\main.obj (MAIN)
  .\Objects\os_task.obj (OS_TASK)
  .\Objects\os_mcu.obj (OS_CPU_A_ASM)
  .\Objects\ringBuffer.obj (RINGBUFFER)
  C:\KEIL_V5\C51\LIB\C51S.LIB (?C_INIT)
  C:\KEIL_V5\C51\LIB\C51S.LIB (?C?COPY)
  C:\KEIL_V5\C51\LIB\C51S.LIB (?C?CLDOPTR)
  C:\KEIL_V5\C51\LIB\C51S.LIB (?C?CSTPTR)
  C:\KEIL_V5\C51\LIB\C51S.LIB (?C?CSTOPTR)
  C:\KEIL_V5\C51\LIB\C51S.LIB (?C?ULCMP)
  C:\KEIL_V5\C51\LIB\C51S.LIB (?C?LSTXDATA)
  C:\KEIL_V5\C51\LIB\C51S.LIB (?C?LSTKXDATA)
  C:\KEIL_V5\C51\LIB\C51S.LIB (?C?OFFXADD)
  C:\KEIL_V5\C51\LIB\C51S.LIB (?C?PLDPTR)
  C:\KEIL_V5\C51\LIB\C51S.LIB (?C?PSTPTR)
  C:\KEIL_V5\C51\LIB\C51S.LIB (?C?PLDOPTR)
  C:\KEIL_V5\C51\LIB\C51S.LIB (?C?PSTOPTR)
  C:\KEIL_V5\C51\LIB\C51S.LIB (?C?PLDIDATA)
  C:\KEIL_V5\C51\LIB\C51S.LIB (?C?PSTIDATA)
  C:\KEIL_V5\C51\LIB\C51S.LIB (?C?PLDXDATA)
  C:\KEIL_V5\C51\LIB\C51S.LIB (?C?PSTXDATA)
  C:\KEIL_V5\C51\LIB\C51S.LIB (?C?PLDPDATA)
  C:\KEIL_V5\C51\LIB\C51S.LIB (?C?PSTPDATA)
  C:\KEIL_V5\C51\LIB\C51S.LIB (?C?PLDCODE)


LINK MAP OF MODULE:  .\Objects\ºôÎüµÆpwm (?C_STARTUP)


            TYPE    BASE      LENGTH    RELOCATION   SEGMENT NAME
            -----------------------------------------------------

            * * * * * * *   D A T A   M E M O R Y   * * * * * * *
            REG     0000H     0008H     ABSOLUTE     "REG BANK 0"
            DATA    0008H     000CH     UNIT         _DATA_GROUP_
            DATA    0014H     0002H     UNIT         ?DT?MAIN
            DATA    0016H     0002H     UNIT         ?DT?OS_TASK
            IDATA   0018H     0014H     UNIT         ?ID?OS_TASK
            IDATA   002CH     0001H     UNIT         ?STACK

            * * * * * * *  X D A T A   M E M O R Y  * * * * * * *
            XDATA   0000H     0046H     UNIT         ?XD?OS_TASK
            XDATA   0046H     0039H     UNIT         ?XD?MAIN

            * * * * * * *   C O D E   M E M O R Y   * * * * * * *
            CODE    0000H     0003H     ABSOLUTE     
            CODE    0003H     0002H     UNIT         ?PR?OS_IDLE_TASK?OS_TASK
            CODE    0005H     0001H     UNIT         ?PR?TEST?OS_CPU_A_ASM
BL51 BANKED LINKER/LOCATER V6.22.4.0                                                  12/30/2023  14:54:04  PAGE 2


                    0006H     0005H                  *** GAP ***
            CODE    000BH     0003H     ABSOLUTE     
            CODE    000EH     02EBH     UNIT         ?C?LIB_CODE
            CODE    02F9H     019EH     UNIT         ?PR?MAIN?MAIN
            CODE    0497H     0135H     UNIT         ?PR?_RINGBUFFER_READ?RINGBUFFER
            CODE    05CCH     00C5H     UNIT         ?PR?TIME_HANDLEHOOK?OS_TASK
            CODE    0691H     00BFH     UNIT         ?PR?_RINGBUFFER_WRITE?RINGBUFFER
            CODE    0750H     009DH     UNIT         ?PR?OS_SWITCH?OS_TASK
            CODE    07EDH     008CH     UNIT         ?C_C51STARTUP
            CODE    0879H     008AH     UNIT         ?PR?_OS_TASK_CREATE?OS_TASK
            CODE    0903H     0062H     UNIT         ?PR?_RINGBUFFER_CREATED?RINGBUFFER
            CODE    0965H     0056H     UNIT         ?PR?OS_START?OS_TASK
            CODE    09BBH     003CH     UNIT         ?PR?TIMER0_ISR?OS_CPU_A_ASM
            CODE    09F7H     0032H     UNIT         ?PR?TASK2?MAIN
            CODE    0A29H     0029H     UNIT         ?PR?TASK1?MAIN
            CODE    0A52H     0027H     UNIT         ?PR?_OS_DELAY?OS_TASK
            CODE    0A79H     001AH     UNIT         ?PR?_?TIME0_HANDLE?MAIN
            CODE    0A93H     0013H     UNIT         ?PR?TIMER0_INIT?MAIN
            CODE    0AA6H     000BH     UNIT         ?C_INITSEG



OVERLAY MAP OF MODULE:   .\Objects\ºôÎüµÆpwm (?C_STARTUP)


SEGMENT                                      DATA_GROUP 
  +--> CALLED SEGMENT                      START    LENGTH
----------------------------------------------------------
?C_C51STARTUP                              -----    -----
  +--> ?PR?MAIN?MAIN
  +--> ?C_INITSEG

?PR?MAIN?MAIN                              0008H    0002H
  +--> ?PR?_RINGBUFFER_CREATED?RINGBUFFER
  +--> ?PR?_RINGBUFFER_WRITE?RINGBUFFER
  +--> ?PR?_RINGBUFFER_READ?RINGBUFFER
  +--> ?PR?TIMER0_INIT?MAIN
  +--> ?PR?TASK1?MAIN
  +--> ?PR?_OS_TASK_CREATE?OS_TASK
  +--> ?PR?TASK2?MAIN
  +--> ?PR?OS_START?OS_TASK

?PR?_RINGBUFFER_CREATED?RINGBUFFER         000AH    0008H

?PR?_RINGBUFFER_WRITE?RINGBUFFER           000AH    0009H

?PR?_RINGBUFFER_READ?RINGBUFFER            000AH    0009H

?PR?TASK1?MAIN                             -----    -----
  +--> ?PR?_OS_DELAY?OS_TASK

?PR?_OS_DELAY?OS_TASK                      -----    -----
  +--> ?PR?OS_SWITCH?OS_TASK

?PR?_OS_TASK_CREATE?OS_TASK                000AH    0008H

?PR?TASK2?MAIN                             -----    -----
BL51 BANKED LINKER/LOCATER V6.22.4.0                                                  12/30/2023  14:54:04  PAGE 3


  +--> ?PR?_OS_DELAY?OS_TASK

?PR?OS_START?OS_TASK                       -----    -----
  +--> ?PR?OS_IDLE_TASK?OS_TASK
  +--> ?PR?_OS_TASK_CREATE?OS_TASK

*** NEW ROOT ***************************************************

?PR?TIMER0_ISR?OS_CPU_A_ASM                -----    -----
  +--> ?PR?_?TIME0_HANDLE?MAIN

?PR?_?TIME0_HANDLE?MAIN                    -----    -----
  +--> ?PR?TIME_HANDLEHOOK?OS_TASK

?PR?TIME_HANDLEHOOK?OS_TASK                0013H    0001H
  +--> ?PR?OS_SWITCH?OS_TASK



SYMBOL TABLE OF MODULE:  .\Objects\ºôÎüµÆpwm (?C_STARTUP)

  VALUE           TYPE          NAME
  ----------------------------------

  -------         MODULE        ?C_STARTUP
  C:07EDH         SEGMENT       ?C_C51STARTUP
  I:002CH         SEGMENT       ?STACK
  C:0000H         PUBLIC        ?C_STARTUP
  D:00E0H         SYMBOL        ACC
  D:00F0H         SYMBOL        B
  D:0083H         SYMBOL        DPH
  D:0082H         SYMBOL        DPL
  N:0000H         SYMBOL        IBPSTACK
  N:0100H         SYMBOL        IBPSTACKTOP
  N:0080H         SYMBOL        IDATALEN
  C:07F0H         SYMBOL        IDATALOOP
  N:0000H         SYMBOL        PBPSTACK
  N:0100H         SYMBOL        PBPSTACKTOP
  N:0000H         SYMBOL        PDATALEN
  N:0000H         SYMBOL        PDATASTART
  N:0000H         SYMBOL        PPAGE
  N:0000H         SYMBOL        PPAGEENABLE
  D:00A0H         SYMBOL        PPAGE_SFR
  D:0081H         SYMBOL        SP
  C:07EDH         SYMBOL        STARTUP1
  N:0000H         SYMBOL        XBPSTACK
  N:0000H         SYMBOL        XBPSTACKTOP
  N:0000H         SYMBOL        XDATALEN
  N:0000H         SYMBOL        XDATASTART
  C:0000H         LINE#         126
  C:07EDH         LINE#         133
  C:07EFH         LINE#         134
  C:07F0H         LINE#         135
  C:07F1H         LINE#         136
  C:07F3H         LINE#         185
  C:07F6H         LINE#         196
  -------         ENDMOD        ?C_STARTUP
BL51 BANKED LINKER/LOCATER V6.22.4.0                                                  12/30/2023  14:54:04  PAGE 4



  -------         MODULE        MAIN
  C:0000H         SYMBOL        _ICE_DUMMY_
  D:0093H         PUBLIC        P0M1
  D:0080H         PUBLIC        P0
  D:0090H         PUBLIC        P1
  D:00A0H         PUBLIC        P2
  D:00B0H         PUBLIC        P3
  D:00C0H         PUBLIC        P4
  D:00C8H         PUBLIC        P5
  D:00E8H         PUBLIC        P6
  B:00A8H.7       PUBLIC        EA
  D:00F8H         PUBLIC        P7
  B:0080H.5       PUBLIC        LED_R
  D:00BAH         PUBLIC        P_SW2
  D:00A8H         PUBLIC        IE
  B:0080H.6       PUBLIC        LED_Y
  D:00B8H         PUBLIC        IP
  D:00D8H         PUBLIC        CCON
  C:02F9H         PUBLIC        main
  C:0A93H         PUBLIC        Timer0_Init
  X:0046H         PUBLIC        queue_buff
  C:0A79H         PUBLIC        _?time0_handle
  D:0098H         PUBLIC        SCON
  D:0089H         PUBLIC        TMOD
  D:0088H         PUBLIC        TCON
  X:004CH         PUBLIC        queue_1
  D:008EH         PUBLIC        AUXR
  B:00A8H.1       PUBLIC        ET0
  B:0088H.5       PUBLIC        TF0
  D:008CH         PUBLIC        TH0
  D:0014H         PUBLIC        cut
  D:008AH         PUBLIC        TL0
  B:0088H.4       PUBLIC        TR0
  X:0057H         PUBLIC        task_stack1
  X:006BH         PUBLIC        task_stack2
  C:0A29H         PUBLIC        task1
  C:09F7H         PUBLIC        task2
  D:00D0H         PUBLIC        PSW
  B:0080H.7       PUBLIC        LED_G
  D:0094H         PUBLIC        P0M0
  -------         PROC          TASK1
  C:0A29H         LINE#         29
  C:0A29H         LINE#         30
  C:0A29H         LINE#         31
  C:0A29H         LINE#         32
  C:0A29H         LINE#         33
  C:0A2BH         LINE#         34
  C:0A36H         LINE#         36
  C:0A38H         LINE#         37
  C:0A43H         LINE#         39
  C:0A45H         LINE#         40
  C:0A50H         LINE#         42
  -------         ENDPROC       TASK1
  -------         PROC          TASK2
  C:09F7H         LINE#         45
  C:09F7H         LINE#         46
BL51 BANKED LINKER/LOCATER V6.22.4.0                                                  12/30/2023  14:54:04  PAGE 5


  C:09F7H         LINE#         48
  C:09F7H         LINE#         49
  C:09F7H         LINE#         50
  C:09F9H         LINE#         51
  C:0A04H         LINE#         52
  C:0A0FH         LINE#         54
  C:0A11H         LINE#         55
  C:0A1CH         LINE#         56
  C:0A27H         LINE#         58
  -------         ENDPROC       TASK2
  -------         PROC          TIMER0_INIT
  C:0A93H         LINE#         63
  C:0A93H         LINE#         64
  C:0A93H         LINE#         65
  C:0A96H         LINE#         66
  C:0A99H         LINE#         67
  C:0A9CH         LINE#         68
  C:0A9FH         LINE#         69
  C:0AA1H         LINE#         70
  C:0AA3H         LINE#         71
  C:0AA5H         LINE#         72
  -------         ENDPROC       TIMER0_INIT
  -------         PROC          _?TIME0_HANDLE
  C:0A79H         LINE#         77
  C:0A79H         LINE#         80
  C:0A81H         LINE#         82
  C:0A89H         LINE#         83
  C:0A89H         LINE#         84
  C:0A8EH         LINE#         85
  C:0A90H         LINE#         86
  C:0A90H         LINE#         87
  -------         ENDPROC       _?TIME0_HANDLE
  -------         PROC          MAIN
  -------         DO            
  D:0008H         SYMBOL        test_data
  D:0009H         SYMBOL        w_data
  -------         ENDDO         
  C:02F9H         LINE#         96
  C:02F9H         LINE#         97
  C:02F9H         LINE#         99
  C:02FCH         LINE#         100
  C:02FFH         LINE#         103
  C:0317H         LINE#         105
  C:0319H         LINE#         106
  C:032BH         LINE#         107
  C:032DH         LINE#         108
  C:033FH         LINE#         109
  C:0341H         LINE#         110
  C:0353H         LINE#         111
  C:0355H         LINE#         112
  C:0367H         LINE#         113
  C:0369H         LINE#         114
  C:037BH         LINE#         118
  C:038DH         LINE#         119
  C:039FH         LINE#         123
  C:03B1H         LINE#         124
  C:03C3H         LINE#         125
BL51 BANKED LINKER/LOCATER V6.22.4.0                                                  12/30/2023  14:54:04  PAGE 6


  C:03D5H         LINE#         126
  C:03E7H         LINE#         127
  C:03F9H         LINE#         128
  C:040BH         LINE#         132
  C:041DH         LINE#         134
  C:042FH         LINE#         140
  C:0432H         LINE#         141
  C:0444H         LINE#         143
  C:0456H         LINE#         147
  C:0459H         LINE#         148
  C:045BH         LINE#         149
  C:045EH         LINE#         150
  C:0460H         LINE#         151
  C:0463H         LINE#         153
  C:047AH         LINE#         154
  C:0492H         LINE#         155
  C:0495H         LINE#         158
  C:0495H         LINE#         159
  C:0495H         LINE#         161
  -------         ENDPROC       MAIN
  -------         ENDMOD        MAIN

  -------         MODULE        OS_TASK
  C:0000H         SYMBOL        _ICE_DUMMY_
  D:0080H         PUBLIC        P0
  D:0090H         PUBLIC        P1
  D:00A0H         PUBLIC        P2
  D:00B0H         PUBLIC        P3
  D:00C0H         PUBLIC        P4
  D:00C8H         PUBLIC        P5
  D:00E8H         PUBLIC        P6
  B:00A8H.7       PUBLIC        EA
  D:00F8H         PUBLIC        P7
  D:00A8H         PUBLIC        IE
  C:05CCH         PUBLIC        time_handleHook
  D:00B8H         PUBLIC        IP
  D:0081H         PUBLIC        SP
  D:00D8H         PUBLIC        CCON
  X:0000H         PUBLIC        task_idle_stack
  D:0098H         PUBLIC        SCON
  D:0088H         PUBLIC        TCON
  C:0879H         PUBLIC        _os_task_create
  C:0A52H         PUBLIC        _os_delay
  X:0014H         PUBLIC        tcb_list
  C:0750H         PUBLIC        os_switch
  D:0016H         PUBLIC        max_task
  D:0017H         PUBLIC        task_id
  C:0965H         PUBLIC        os_start
  C:0003H         PUBLIC        os_idle_task
  D:00D0H         PUBLIC        PSW
  I:0018H         SYMBOL        public_stack
  -------         PROC          OS_SWITCH
  -------         DO            
  D:0007H         SYMBOL        ost_i
  -------         ENDDO         
  C:0750H         LINE#         28
  C:0750H         LINE#         29
BL51 BANKED LINKER/LOCATER V6.22.4.0                                                  12/30/2023  14:54:04  PAGE 7


  C:0750H         LINE#         31
  C:0751H         LINE#         35
  C:0779H         LINE#         38
  C:078FH         LINE#         40
  C:0797H         LINE#         41
  C:0797H         LINE#         42
  C:07A9H         LINE#         43
  C:07A9H         LINE#         44
  C:07ABH         LINE#         45
  C:07ABH         LINE#         47
  C:07ABH         LINE#         48
  C:07AEH         LINE#         49
  C:07B3H         LINE#         50
  C:07B3H         LINE#         51
  C:07B6H         LINE#         52
  C:07B6H         LINE#         54
  C:07C9H         LINE#         57
  -------         ENDPROC       OS_SWITCH
  -------         PROC          _OS_TASK_CREATE
  D:000AH         SYMBOL        task
  D:000DH         SYMBOL        t_stack
  D:0010H         SYMBOL        tid
  C:0879H         LINE#         73
  C:087FH         LINE#         74
  C:087FH         LINE#         75
  C:0892H         LINE#         76
  C:0892H         LINE#         78
  C:0892H         LINE#         79
  C:089EH         LINE#         80
  C:08ACH         LINE#         82
  C:08C8H         LINE#         83
  C:08E0H         LINE#         85
  C:0900H         LINE#         88
  C:0902H         LINE#         89
  -------         ENDPROC       _OS_TASK_CREATE
  -------         PROC          OS_START
  C:0965H         LINE#         97
  C:0965H         LINE#         98
  C:0965H         LINE#         99
  C:0967H         LINE#         101
  C:097EH         LINE#         104
  C:0981H         LINE#         106
  C:09A5H         LINE#         108
  C:09B8H         LINE#         111
  C:09BAH         LINE#         113
  -------         ENDPROC       OS_START
  -------         PROC          _OS_DELAY
  D:0004H         SYMBOL        tasks
  C:0A52H         LINE#         122
  C:0A52H         LINE#         123
  C:0A52H         LINE#         124
  C:0A52H         LINE#         126
  C:0A64H         LINE#         128
  C:0A76H         LINE#         130
  -------         ENDPROC       _OS_DELAY
  -------         PROC          OS_IDLE_TASK
  C:0003H         LINE#         141
BL51 BANKED LINKER/LOCATER V6.22.4.0                                                  12/30/2023  14:54:04  PAGE 8


  C:0003H         LINE#         142
  C:0003H         LINE#         143
  -------         ENDPROC       OS_IDLE_TASK
  -------         PROC          TIME_HANDLEHOOK
  -------         DO            
  D:0013H         SYMBOL        ti
  -------         ENDDO         
  C:05CCH         LINE#         153
  C:05CCH         LINE#         154
  C:05CCH         LINE#         155
  C:05CFH         LINE#         158
  C:05DBH         LINE#         159
  C:05DBH         LINE#         160
  C:05F2H         LINE#         161
  C:05F2H         LINE#         162
  C:05F2H         LINE#         163
  C:05F2H         LINE#         165
  C:0625H         LINE#         166
  C:0625H         LINE#         167
  C:063BH         LINE#         169
  C:064DH         LINE#         170
  C:064FH         LINE#         171
  C:064FH         LINE#         172
  C:0689H         LINE#         173
  C:068EH         LINE#         174
  -------         ENDPROC       TIME_HANDLEHOOK
  -------         ENDMOD        OS_TASK

  -------         MODULE        OS_CPU_A_ASM
  C:0005H         SEGMENT       ?PR?TEST?OS_CPU_A_ASM
  C:09BBH         SEGMENT       ?PR?TIMER0_ISR?OS_CPU_A_ASM
  C:0005H         PUBLIC        TEST
  D:00E0H         SYMBOL        ACC
  D:00F0H         SYMBOL        B
  D:0083H         SYMBOL        DPH
  D:0082H         SYMBOL        DPL
  B:00A8H.7       SYMBOL        EA
  N:0000H         SYMBOL        OS_CPU_A_ASM
  D:00D0H         SYMBOL        PSW
  C:09BBH         SYMBOL        TIMER0_ISR
  C:0005H         LINE#         75
  C:09BBH         LINE#         83
  C:09BDH         LINE#         84
  C:09BFH         LINE#         84
  C:09C1H         LINE#         84
  C:09C3H         LINE#         84
  C:09C5H         LINE#         84
  C:09C7H         LINE#         84
  C:09C9H         LINE#         84
  C:09CBH         LINE#         84
  C:09CDH         LINE#         84
  C:09CFH         LINE#         84
  C:09D1H         LINE#         84
  C:09D3H         LINE#         84
  C:09D5H         LINE#         84
  C:09D7H         LINE#         86
  C:09DAH         LINE#         88
BL51 BANKED LINKER/LOCATER V6.22.4.0                                                  12/30/2023  14:54:04  PAGE 9


  C:09DCH         LINE#         88
  C:09DEH         LINE#         88
  C:09E0H         LINE#         88
  C:09E2H         LINE#         88
  C:09E4H         LINE#         88
  C:09E6H         LINE#         88
  C:09E8H         LINE#         88
  C:09EAH         LINE#         88
  C:09ECH         LINE#         88
  C:09EEH         LINE#         88
  C:09F0H         LINE#         88
  C:09F2H         LINE#         88
  C:09F4H         LINE#         89
  C:09F6H         LINE#         91
  C:000BH         LINE#         96
  -------         ENDMOD        OS_CPU_A_ASM

  -------         MODULE        RINGBUFFER
  C:0000H         SYMBOL        _ICE_DUMMY_
  D:0080H         PUBLIC        P0
  D:0090H         PUBLIC        P1
  D:00A0H         PUBLIC        P2
  D:00B0H         PUBLIC        P3
  D:00C0H         PUBLIC        P4
  D:00C8H         PUBLIC        P5
  D:00E8H         PUBLIC        P6
  D:00F8H         PUBLIC        P7
  D:00A8H         PUBLIC        IE
  D:00B8H         PUBLIC        IP
  D:00D8H         PUBLIC        CCON
  C:0497H         PUBLIC        _ringbuffer_read
  D:0098H         PUBLIC        SCON
  D:0088H         PUBLIC        TCON
  C:0691H         PUBLIC        _ringbuffer_write
  C:0903H         PUBLIC        _ringbuffer_created
  D:00D0H         PUBLIC        PSW
  -------         PROC          _RINGBUFFER_CREATED
  D:000AH         SYMBOL        ring_buffer
  D:000DH         SYMBOL        buff
  D:0010H         SYMBOL        buff_size
  D:0011H         SYMBOL        itemSize
  C:0903H         LINE#         10
  C:0909H         LINE#         11
  C:0909H         LINE#         14
  C:091EH         LINE#         15
  C:0936H         LINE#         16
  C:0944H         LINE#         17
  C:094CH         LINE#         18
  C:0964H         LINE#         22
  -------         ENDPROC       _RINGBUFFER_CREATED
  -------         PROC          _RINGBUFFER_WRITE
  D:000AH         SYMBOL        ring_buffer
  D:000DH         SYMBOL        _data
  -------         DO            
  D:0010H         SYMBOL        next_w
  -------         ENDDO         
  C:0691H         LINE#         25
BL51 BANKED LINKER/LOCATER V6.22.4.0                                                  12/30/2023  14:54:04  PAGE 10


  C:0697H         LINE#         26
  C:0697H         LINE#         27
  C:06C2H         LINE#         29
  C:06E0H         LINE#         33
  C:06E0H         LINE#         35
  C:071AH         LINE#         38
  C:071AH         LINE#         40
  C:0737H         LINE#         41
  C:074FH         LINE#         43
  -------         ENDPROC       _RINGBUFFER_WRITE
  -------         PROC          _RINGBUFFER_READ
  D:000AH         SYMBOL        ring_buffer
  D:000DH         SYMBOL        _data
  -------         DO            
  D:0010H         SYMBOL        next_r
  -------         ENDDO         
  C:0497H         LINE#         45
  C:049DH         LINE#         46
  C:049DH         LINE#         49
  C:04B4H         LINE#         54
  C:0518H         LINE#         56
  C:0518H         LINE#         57
  C:0533H         LINE#         59
  C:054EH         LINE#         60
  C:056DH         LINE#         62
  C:056DH         LINE#         65
  C:059BH         LINE#         67
  C:059BH         LINE#         70
  C:05B6H         LINE#         71
  C:05CBH         LINE#         75
  -------         ENDPROC       _RINGBUFFER_READ
  -------         ENDMOD        RINGBUFFER

  -------         MODULE        ?C?COPY
  C:00DEH         PUBLIC        ?C?COPY
  -------         ENDMOD        ?C?COPY

  -------         MODULE        ?C?CLDOPTR
  C:0104H         PUBLIC        ?C?CLDOPTR
  -------         ENDMOD        ?C?CLDOPTR

  -------         MODULE        ?C?CSTPTR
  C:0131H         PUBLIC        ?C?CSTPTR
  -------         ENDMOD        ?C?CSTPTR

  -------         MODULE        ?C?CSTOPTR
  C:0143H         PUBLIC        ?C?CSTOPTR
  -------         ENDMOD        ?C?CSTOPTR

  -------         MODULE        ?C?ULCMP
  C:0165H         PUBLIC        ?C?ULCMP
  -------         ENDMOD        ?C?ULCMP

  -------         MODULE        ?C?LSTXDATA
  C:0176H         PUBLIC        ?C?LSTXDATA
  -------         ENDMOD        ?C?LSTXDATA

BL51 BANKED LINKER/LOCATER V6.22.4.0                                                  12/30/2023  14:54:04  PAGE 11


  -------         MODULE        ?C?LSTKXDATA
  C:0182H         PUBLIC        ?C?LSTKXDATA
  -------         ENDMOD        ?C?LSTKXDATA

  -------         MODULE        ?C?OFFXADD
  C:01B3H         PUBLIC        ?C?OFFXADD
  -------         ENDMOD        ?C?OFFXADD

  -------         MODULE        ?C?PLDPTR
  C:01BFH         PUBLIC        ?C?PLDPTR
  -------         ENDMOD        ?C?PLDPTR

  -------         MODULE        ?C?PSTPTR
  C:01DFH         PUBLIC        ?C?PSTPTR
  -------         ENDMOD        ?C?PSTPTR

  -------         MODULE        ?C?PLDOPTR
  C:022EH         PUBLIC        ?C?PLDOPTR
  -------         ENDMOD        ?C?PLDOPTR

  -------         MODULE        ?C?PSTOPTR
  C:025EH         PUBLIC        ?C?PSTOPTR
  -------         ENDMOD        ?C?PSTOPTR

  -------         MODULE        ?C?PLDIDATA
  C:02B7H         PUBLIC        ?C?PLDIDATA
  -------         ENDMOD        ?C?PLDIDATA

  -------         MODULE        ?C?PSTIDATA
  C:02C0H         PUBLIC        ?C?PSTIDATA
  -------         ENDMOD        ?C?PSTIDATA

  -------         MODULE        ?C?PLDXDATA
  C:02C9H         PUBLIC        ?C?PLDXDATA
  -------         ENDMOD        ?C?PLDXDATA

  -------         MODULE        ?C?PSTXDATA
  C:02D2H         PUBLIC        ?C?PSTXDATA
  -------         ENDMOD        ?C?PSTXDATA

  -------         MODULE        ?C?PLDPDATA
  C:02DBH         PUBLIC        ?C?PLDPDATA
  -------         ENDMOD        ?C?PLDPDATA

  -------         MODULE        ?C?PSTPDATA
  C:02E4H         PUBLIC        ?C?PSTPDATA
  -------         ENDMOD        ?C?PSTPDATA

  -------         MODULE        ?C?PLDCODE
  C:02EDH         PUBLIC        ?C?PLDCODE
  -------         ENDMOD        ?C?PLDCODE

*** WARNING L16: UNCALLED SEGMENT, IGNORED FOR OVERLAY PROCESS
    SEGMENT: ?PR?TEST?OS_CPU_A_ASM

Program Size: data=45.0 xdata=127 code=2732
LINK/LOCATE RUN COMPLETE.  1 WARNING(S),  0 ERROR(S)
