BL51 BANKED LINKER/LOCATER V6.22.2.0                                                    12/26/2023  22:59:25  PAGE 1


BL51 BANKED LINKER/LOCATER V6.22.2.0, INVOKED BY:
D:\KEIL_V5_C51\C51\BIN\BL51.EXE .\Objects\STARTUP.obj, .\Objects\main.obj TO .\Objects\ºôÎüµÆpwm PRINT (.\Listings\ºôÎüµ
>> Æpwm.m51) RAMSIZE (256)


MEMORY MODEL: LARGE


INPUT MODULES INCLUDED:
  .\Objects\STARTUP.obj (?C_STARTUP)
  .\Objects\main.obj (MAIN)
  D:\KEIL_V5_C51\C51\LIB\C51L.LIB (?C_INIT)
  D:\KEIL_V5_C51\C51\LIB\C51L.LIB (?C?CSTPTR)
  D:\KEIL_V5_C51\C51\LIB\C51L.LIB (?C?CSTOPTR)
  D:\KEIL_V5_C51\C51\LIB\C51L.LIB (?C?ULCMP)
  D:\KEIL_V5_C51\C51\LIB\C51L.LIB (?C?LLDIDATA)
  D:\KEIL_V5_C51\C51\LIB\C51L.LIB (?C?LSTIDATA)
  D:\KEIL_V5_C51\C51\LIB\C51L.LIB (?C?LSTKIDATA)


LINK MAP OF MODULE:  .\Objects\ºôÎüµÆpwm (?C_STARTUP)


            TYPE    BASE      LENGTH    RELOCATION   SEGMENT NAME
            -----------------------------------------------------

            * * * * * * *   D A T A   M E M O R Y   * * * * * * *
            REG     0000H     0008H     ABSOLUTE     "REG BANK 0"
            DATA    0008H     0002H     UNIT         ?DT?MAIN
            IDATA   000AH     005AH     UNIT         ?ID?MAIN
            IDATA   0064H     0001H     UNIT         ?STACK

            * * * * * * *  X D A T A   M E M O R Y  * * * * * * *
            XDATA   0000H     0009H     UNIT         _XDATA_GROUP_
            XDATA   0009H     0003H     UNIT         ?XD?MAIN

            * * * * * * *   C O D E   M E M O R Y   * * * * * * *
            CODE    0000H     0003H     ABSOLUTE     
            CODE    0003H     0005H     UNIT         ?PR?OS_IDLE_TASK?MAIN
            CODE    0008H     0001H     UNIT         ?PR?OS_GETNEXTTASKID?MAIN
                    0009H     0002H                  *** GAP ***
            CODE    000BH     0003H     ABSOLUTE     
            CODE    000EH     00F8H     UNIT         ?PR?TIME0_HANDLE?MAIN
            CODE    0106H     008CH     UNIT         ?C_C51STARTUP
            CODE    0192H     0076H     UNIT         ?C?LIB_CODE
            CODE    0208H     005CH     UNIT         ?PR?_OS_TASK_CREATE?MAIN
            CODE    0264H     004AH     UNIT         ?PR?MAIN?MAIN
            CODE    02AEH     003EH     UNIT         ?PR?OSCTXSW?MAIN
            CODE    02ECH     002BH     UNIT         ?PR?OS_START?MAIN
            CODE    0317H     0024H     UNIT         ?PR?_OS_DELAY?MAIN
            CODE    033BH     0017H     UNIT         ?PR?TASK2?MAIN
            CODE    0352H     0013H     UNIT         ?PR?TIMER0_INIT?MAIN
            CODE    0365H     0010H     UNIT         ?PR?TASK1?MAIN
            CODE    0375H     0010H     UNIT         ?C_INITSEG



OVERLAY MAP OF MODULE:   .\Objects\ºôÎüµÆpwm (?C_STARTUP)
BL51 BANKED LINKER/LOCATER V6.22.2.0                                                  12/26/2023  22:59:25  PAGE 2




SEGMENT                             XDATA_GROUP
  +--> CALLED SEGMENT             START    LENGTH
-------------------------------------------------
?C_C51STARTUP                     -----    -----
  +--> ?PR?MAIN?MAIN
  +--> ?C_INITSEG

?PR?MAIN?MAIN                     -----    -----
  +--> ?PR?TIMER0_INIT?MAIN
  +--> ?PR?TASK1?MAIN
  +--> ?PR?_OS_TASK_CREATE?MAIN
  +--> ?PR?TASK2?MAIN
  +--> ?PR?OS_START?MAIN

?PR?TASK1?MAIN                    -----    -----
  +--> ?PR?_OS_DELAY?MAIN
  +--> ?PR?OSCTXSW?MAIN

?PR?_OS_DELAY?MAIN                -----    -----
  +--> ?PR?OSCTXSW?MAIN

?PR?_OS_TASK_CREATE?MAIN          0000H    0008H

?PR?TASK2?MAIN                    -----    -----
  +--> ?PR?_OS_DELAY?MAIN
  +--> ?PR?OSCTXSW?MAIN

?PR?OS_START?MAIN                 -----    -----
  +--> ?PR?OS_IDLE_TASK?MAIN
  +--> ?PR?_OS_TASK_CREATE?MAIN

?PR?OS_IDLE_TASK?MAIN             -----    -----
  +--> ?PR?OSCTXSW?MAIN

*** NEW ROOT ***************************************************

?PR?TIME0_HANDLE?MAIN             0008H    0001H



SYMBOL TABLE OF MODULE:  .\Objects\ºôÎüµÆpwm (?C_STARTUP)

  VALUE           TYPE          NAME
  ----------------------------------

  -------         MODULE        ?C_STARTUP
  C:0106H         SEGMENT       ?C_C51STARTUP
  I:0064H         SEGMENT       ?STACK
  C:0000H         PUBLIC        ?C_STARTUP
  D:00E0H         SYMBOL        ACC
  D:00F0H         SYMBOL        B
  D:0083H         SYMBOL        DPH
  D:0082H         SYMBOL        DPL
  N:0000H         SYMBOL        IBPSTACK
  N:0100H         SYMBOL        IBPSTACKTOP
BL51 BANKED LINKER/LOCATER V6.22.2.0                                                  12/26/2023  22:59:25  PAGE 3


  N:0080H         SYMBOL        IDATALEN
  C:0109H         SYMBOL        IDATALOOP
  N:0000H         SYMBOL        PBPSTACK
  N:0100H         SYMBOL        PBPSTACKTOP
  N:0000H         SYMBOL        PDATALEN
  N:0000H         SYMBOL        PDATASTART
  N:0000H         SYMBOL        PPAGE
  N:0000H         SYMBOL        PPAGEENABLE
  D:00A0H         SYMBOL        PPAGE_SFR
  D:0081H         SYMBOL        SP
  C:0106H         SYMBOL        STARTUP1
  N:0000H         SYMBOL        XBPSTACK
  N:0000H         SYMBOL        XBPSTACKTOP
  N:0000H         SYMBOL        XDATALEN
  N:0000H         SYMBOL        XDATASTART
  C:0000H         LINE#         126
  C:0106H         LINE#         133
  C:0108H         LINE#         134
  C:0109H         LINE#         135
  C:010AH         LINE#         136
  C:010CH         LINE#         185
  C:010FH         LINE#         196
  -------         ENDMOD        ?C_STARTUP

  -------         MODULE        MAIN
  C:0000H         SYMBOL        _ICE_DUMMY_
  D:0093H         PUBLIC        P0M1
  D:0080H         PUBLIC        P0
  D:0090H         PUBLIC        P1
  D:00A0H         PUBLIC        P2
  D:00B0H         PUBLIC        P3
  D:00C0H         PUBLIC        P4
  D:00C8H         PUBLIC        P5
  D:00E8H         PUBLIC        P6
  B:00A8H.7       PUBLIC        EA
  D:00F8H         PUBLIC        P7
  B:0080H.5       PUBLIC        LED_R
  D:00BAH         PUBLIC        P_SW2
  D:00A8H         PUBLIC        IE
  B:0080H.6       PUBLIC        LED_Y
  D:00B8H         PUBLIC        IP
  C:02AEH         PUBLIC        OSCtxSw
  D:0081H         PUBLIC        SP
  D:00D8H         PUBLIC        CCON
  C:0264H         PUBLIC        main
  C:0352H         PUBLIC        Timer0_Init
  I:000AH         PUBLIC        task_idle_stack
  C:000EH         PUBLIC        time0_handle
  D:0098H         PUBLIC        SCON
  D:0089H         PUBLIC        TMOD
  D:0088H         PUBLIC        TCON
  D:008EH         PUBLIC        AUXR
  B:00A8H.1       PUBLIC        ET0
  B:0088H.5       PUBLIC        TF0
  D:008CH         PUBLIC        TH0
  X:0009H         PUBLIC        cut
  D:008AH         PUBLIC        TL0
BL51 BANKED LINKER/LOCATER V6.22.2.0                                                  12/26/2023  22:59:25  PAGE 4


  C:0208H         PUBLIC        _os_task_create
  C:0321H         PUBLIC        _os_delay
  B:0088H.4       PUBLIC        TR0
  I:001EH         PUBLIC        tcb_list
  X:000BH         PUBLIC        max_task
  I:003CH         PUBLIC        task_stack1
  I:0050H         PUBLIC        task_stack2
  D:0008H         PUBLIC        task_id
  C:0365H         PUBLIC        task1
  C:033BH         PUBLIC        task2
  C:0008H         PUBLIC        os_getNextTaskId
  C:02ECH         PUBLIC        os_start
  C:0003H         PUBLIC        os_idle_task
  D:0009H         PUBLIC        OS_TCB_SIZE
  D:00D0H         PUBLIC        PSW
  B:0080H.7       PUBLIC        LED_G
  D:0094H         PUBLIC        P0M0
  -------         PROC          OS_GETNEXTTASKID
  C:0008H         LINE#         64
  C:0008H         LINE#         65
  C:0008H         LINE#         71
  -------         ENDPROC       OS_GETNEXTTASKID
  -------         PROC          OSCTXSW
  -------         DO            
  D:0007H         SYMBOL        ost_i
  -------         ENDDO         
  C:02AEH         LINE#         73
  C:02AEH         LINE#         74
  C:02AEH         LINE#         75
  C:02B0H         LINE#         77
  C:02BBH         LINE#         80
  C:02C5H         LINE#         81
  C:02C5H         LINE#         82
  C:02D2H         LINE#         83
  C:02D2H         LINE#         84
  C:02D4H         LINE#         85
  C:02D4H         LINE#         87
  C:02D4H         LINE#         88
  C:02D7H         LINE#         91
  C:02DCH         LINE#         92
  C:02DCH         LINE#         93
  C:02DFH         LINE#         94
  C:02DFH         LINE#         95
  C:02EBH         LINE#         97
  -------         ENDPROC       OSCTXSW
  -------         PROC          _OS_TASK_CREATE
  X:0000H         SYMBOL        task
  X:0003H         SYMBOL        tstack
  X:0006H         SYMBOL        tid
  C:0208H         LINE#         99
  C:0213H         LINE#         100
  C:0213H         LINE#         102
  C:0227H         LINE#         103
  C:0240H         LINE#         105
  C:0253H         LINE#         106
  C:025DH         LINE#         108
  C:0263H         LINE#         109
BL51 BANKED LINKER/LOCATER V6.22.2.0                                                  12/26/2023  22:59:25  PAGE 5


  -------         ENDPROC       _OS_TASK_CREATE
  -------         PROC          OS_START
  C:02ECH         LINE#         112
  C:02ECH         LINE#         113
  C:02ECH         LINE#         115
  C:0307H         LINE#         117
  C:030AH         LINE#         118
  C:0316H         LINE#         120
  -------         ENDPROC       OS_START
  C:0319H         SYMBOL        L?0034
  C:031DH         SYMBOL        L?0035
  -------         PROC          L?0033
  -------         ENDPROC       L?0033
  C:0319H         SYMBOL        L?0034
  C:031DH         SYMBOL        L?0035
  -------         PROC          _OS_DELAY
  D:0004H         SYMBOL        tasks
  C:0321H         LINE#         123
  C:0321H         LINE#         124
  C:0321H         LINE#         127
  C:032DH         LINE#         129
  C:0338H         LINE#         131
  -------         ENDPROC       _OS_DELAY
  -------         PROC          OS_IDLE_TASK
  C:0003H         LINE#         135
  C:0003H         LINE#         136
  C:0003H         LINE#         137
  C:0003H         LINE#         138
  C:0003H         LINE#         139
  C:0006H         LINE#         140
  -------         ENDPROC       OS_IDLE_TASK
  -------         PROC          TASK1
  C:0365H         LINE#         143
  C:0365H         LINE#         144
  C:0365H         LINE#         145
  C:0365H         LINE#         146
  C:0365H         LINE#         147
  C:0365H         LINE#         148
  C:0368H         LINE#         150
  C:036AH         LINE#         151
  C:036DH         LINE#         153
  C:036DH         LINE#         154
  C:0370H         LINE#         155
  C:0373H         LINE#         157
  -------         ENDPROC       TASK1
  -------         PROC          TASK2
  C:033BH         LINE#         160
  C:033BH         LINE#         161
  C:033BH         LINE#         163
  C:033BH         LINE#         164
  C:033BH         LINE#         165
  C:033DH         LINE#         166
  C:0344H         LINE#         168
  C:0346H         LINE#         169
  C:034DH         LINE#         170
  C:0350H         LINE#         172
  -------         ENDPROC       TASK2
BL51 BANKED LINKER/LOCATER V6.22.2.0                                                  12/26/2023  22:59:25  PAGE 6


  -------         PROC          TIME0_HANDLE
  -------         DO            
  X:0008H         SYMBOL        ti
  -------         ENDDO         
  C:000EH         LINE#         179
  C:002BH         LINE#         181
  C:0030H         LINE#         182
  C:003EH         LINE#         184
  C:004AH         LINE#         185
  C:004AH         LINE#         186
  C:0051H         LINE#         187
  C:0053H         LINE#         188
  C:0053H         LINE#         190
  C:0069H         LINE#         191
  C:0069H         LINE#         192
  C:0076H         LINE#         193
  C:0076H         LINE#         194
  C:0076H         LINE#         195
  C:0076H         LINE#         197
  C:009FH         LINE#         198
  C:009FH         LINE#         199
  C:00AFH         LINE#         201
  C:00B9H         LINE#         202
  C:00BBH         LINE#         203
  C:00BBH         LINE#         204
  C:00E2H         LINE#         205
  C:00EBH         LINE#         206
  -------         ENDPROC       TIME0_HANDLE
  -------         PROC          TIMER0_INIT
  C:0352H         LINE#         208
  C:0352H         LINE#         209
  C:0352H         LINE#         210
  C:0355H         LINE#         211
  C:0358H         LINE#         212
  C:035BH         LINE#         213
  C:035EH         LINE#         214
  C:0360H         LINE#         215
  C:0362H         LINE#         216
  C:0364H         LINE#         217
  -------         ENDPROC       TIMER0_INIT
  -------         PROC          MAIN
  C:0264H         LINE#         220
  C:0264H         LINE#         221
  C:0264H         LINE#         222
  C:0267H         LINE#         223
  C:0269H         LINE#         224
  C:026CH         LINE#         225
  C:026EH         LINE#         226
  C:0271H         LINE#         229
  C:028CH         LINE#         230
  C:02A9H         LINE#         231
  C:02ACH         LINE#         234
  C:02ACH         LINE#         235
  C:02ACH         LINE#         237
  -------         ENDPROC       MAIN
  -------         ENDMOD        MAIN

BL51 BANKED LINKER/LOCATER V6.22.2.0                                                  12/26/2023  22:59:25  PAGE 7


  -------         MODULE        ?C?CSTPTR
  C:0192H         PUBLIC        ?C?CSTPTR
  -------         ENDMOD        ?C?CSTPTR

  -------         MODULE        ?C?CSTOPTR
  C:01A4H         PUBLIC        ?C?CSTOPTR
  -------         ENDMOD        ?C?CSTOPTR

  -------         MODULE        ?C?ULCMP
  C:01C6H         PUBLIC        ?C?ULCMP
  -------         ENDMOD        ?C?ULCMP

  -------         MODULE        ?C?LLDIDATA
  C:01D7H         PUBLIC        ?C?LLDIDATA
  -------         ENDMOD        ?C?LLDIDATA

  -------         MODULE        ?C?LSTIDATA
  C:01E3H         PUBLIC        ?C?LSTIDATA
  -------         ENDMOD        ?C?LSTIDATA

  -------         MODULE        ?C?LSTKIDATA
  C:01EFH         PUBLIC        ?C?LSTKIDATA
  -------         ENDMOD        ?C?LSTKIDATA

*** WARNING L16: UNCALLED SEGMENT, IGNORED FOR OVERLAY PROCESS
    SEGMENT: ?PR?OS_GETNEXTTASKID?MAIN

Program Size: data=101.0 xdata=12 code=899
LINK/LOCATE RUN COMPLETE.  1 WARNING(S),  0 ERROR(S)
