BL51 BANKED LINKER/LOCATER V6.22.2.0                                                    12/25/2023  22:53:28  PAGE 1


BL51 BANKED LINKER/LOCATER V6.22.2.0, INVOKED BY:
D:\KEIL_V5_C51\C51\BIN\BL51.EXE .\Objects\STARTUP.obj, .\Objects\main.obj, .\Objects\os_mcu.obj TO .\Objects\ºôÎüµÆpwm P
>> RINT (.\Listings\ºôÎüµÆpwm.m51) RAMSIZE (256)


MEMORY MODEL: LARGE


INPUT MODULES INCLUDED:
  .\Objects\STARTUP.obj (?C_STARTUP)
  .\Objects\main.obj (MAIN)
  .\Objects\os_mcu.obj (OS_CPU_A_ASM)
  D:\KEIL_V5_C51\C51\LIB\C51L.LIB (?C_INIT)
  D:\KEIL_V5_C51\C51\LIB\C51L.LIB (?C?CSTPTR)
  D:\KEIL_V5_C51\C51\LIB\C51L.LIB (?C?CSTOPTR)
  D:\KEIL_V5_C51\C51\LIB\C51L.LIB (?C?ULCMP)
  D:\KEIL_V5_C51\C51\LIB\C51L.LIB (?C?LLDIDATA)
  D:\KEIL_V5_C51\C51\LIB\C51L.LIB (?C?LSTIDATA)
  D:\KEIL_V5_C51\C51\LIB\C51L.LIB (?C?LSTXDATA)
  D:\KEIL_V5_C51\C51\LIB\C51L.LIB (?C?LSTKIDATA)
  D:\KEIL_V5_C51\C51\LIB\C51L.LIB (?C_XBP)
  D:\KEIL_V5_C51\C51\LIB\C51L.LIB (?C?ADDXBP)


LINK MAP OF MODULE:  .\Objects\ºôÎüµÆpwm (?C_STARTUP)


            TYPE    BASE      LENGTH    RELOCATION   SEGMENT NAME
            -----------------------------------------------------

            * * * * * * *   D A T A   M E M O R Y   * * * * * * *
            REG     0000H     0008H     ABSOLUTE     "REG BANK 0"
            DATA    0008H     0003H     UNIT         _DATA_GROUP_
            DATA    000BH     0002H     UNIT         ?C?LIB_DATA
            IDATA   000DH     005FH     UNIT         ?ID?MAIN
            IDATA   006CH     0001H     UNIT         ?STACK

            * * * * * * *  X D A T A   M E M O R Y  * * * * * * *
            XDATA   0000H     0008H     UNIT         _XDATA_GROUP_
            XDATA   0008H     0007H     UNIT         ?XD?MAIN
            XDATA   000FH     0004H     UNIT         ?XD?_OS_DELAY?MAIN

            * * * * * * *   C O D E   M E M O R Y   * * * * * * *
            CODE    0000H     0003H     ABSOLUTE     
            CODE    0003H     0002H     UNIT         ?PR?TASK1?MAIN
            CODE    0005H     0002H     UNIT         ?PR?TASK2?MAIN
                    0007H     0004H                  *** GAP ***
            CODE    000BH     0003H     ABSOLUTE     
            CODE    000EH     00F5H     UNIT         ?PR?_?TIME0_HANDLE?MAIN
            CODE    0103H     00A6H     UNIT         ?C?LIB_CODE
            CODE    01A9H     008CH     UNIT         ?C_C51STARTUP
            CODE    0235H     0064H     UNIT         ?PR?_OS_TASK_CREATE?MAIN
            CODE    0299H     0052H     UNIT         ?PR?OSCTXSW?MAIN
            CODE    02EBH     004FH     UNIT         ?PR?MAIN?MAIN
            CODE    033AH     004BH     UNIT         ?PR?_OS_DELAY?MAIN
            CODE    0385H     003CH     UNIT         ?PR?TIMER0_ISR?OS_CPU_A_ASM
            CODE    03C1H     0032H     UNIT         ?PR?OS_START?MAIN
            CODE    03F3H     0015H     UNIT         ?PR?DELAY500MS?MAIN
BL51 BANKED LINKER/LOCATER V6.22.2.0                                                  12/25/2023  22:53:28  PAGE 2


            CODE    0408H     0014H     UNIT         ?PR?OS_IDLE_TASK?MAIN
            CODE    041CH     0013H     UNIT         ?PR?TIMER0_INIT?MAIN
            CODE    042FH     0011H     UNIT         ?PR?TEST?OS_CPU_A_ASM
            CODE    0440H     000FH     UNIT         ?C_INITSEG



OVERLAY MAP OF MODULE:   .\Objects\ºôÎüµÆpwm (?C_STARTUP)


SEGMENT                               DATA_GROUP          XDATA_GROUP
  +--> CALLED SEGMENT               START    LENGTH     START    LENGTH
-----------------------------------------------------------------------
?C_C51STARTUP                       -----    -----      -----    -----
  +--> ?PR?MAIN?MAIN
  +--> ?C_INITSEG

?PR?MAIN?MAIN                       -----    -----      -----    -----
  +--> ?PR?TIMER0_INIT?MAIN
  +--> ?PR?TEST?OS_CPU_A_ASM
  +--> ?PR?TASK1?MAIN
  +--> ?PR?_OS_TASK_CREATE?MAIN
  +--> ?PR?TASK2?MAIN
  +--> ?PR?OS_START?MAIN

?PR?_OS_TASK_CREATE?MAIN            -----    -----      0000H    0008H

?PR?OS_START?MAIN                   -----    -----      -----    -----
  +--> ?PR?OS_IDLE_TASK?MAIN
  +--> ?PR?_OS_TASK_CREATE?MAIN

?PR?OS_IDLE_TASK?MAIN               -----    -----      -----    -----
  +--> ?PR?DELAY500MS?MAIN

?PR?DELAY500MS?MAIN                 0008H    0003H      -----    -----

*** NEW ROOT ***************************************************

?PR?TIMER0_ISR?OS_CPU_A_ASM         -----    -----      -----    -----
  +--> ?PR?_?TIME0_HANDLE?MAIN



SYMBOL TABLE OF MODULE:  .\Objects\ºôÎüµÆpwm (?C_STARTUP)

  VALUE           TYPE          NAME
  ----------------------------------

  -------         MODULE        ?C_STARTUP
  C:01A9H         SEGMENT       ?C_C51STARTUP
  I:006CH         SEGMENT       ?STACK
  C:0000H         PUBLIC        ?C_STARTUP
  D:00E0H         SYMBOL        ACC
  D:00F0H         SYMBOL        B
  D:0083H         SYMBOL        DPH
  D:0082H         SYMBOL        DPL
  N:0000H         SYMBOL        IBPSTACK
BL51 BANKED LINKER/LOCATER V6.22.2.0                                                  12/25/2023  22:53:28  PAGE 3


  N:0100H         SYMBOL        IBPSTACKTOP
  N:0080H         SYMBOL        IDATALEN
  C:01ACH         SYMBOL        IDATALOOP
  N:0000H         SYMBOL        PBPSTACK
  N:0100H         SYMBOL        PBPSTACKTOP
  N:0000H         SYMBOL        PDATALEN
  N:0000H         SYMBOL        PDATASTART
  N:0000H         SYMBOL        PPAGE
  N:0000H         SYMBOL        PPAGEENABLE
  D:00A0H         SYMBOL        PPAGE_SFR
  D:0081H         SYMBOL        SP
  C:01A9H         SYMBOL        STARTUP1
  N:0000H         SYMBOL        XBPSTACK
  N:0000H         SYMBOL        XBPSTACKTOP
  N:0000H         SYMBOL        XDATALEN
  N:0000H         SYMBOL        XDATASTART
  C:0000H         LINE#         126
  C:01A9H         LINE#         133
  C:01ABH         LINE#         134
  C:01ACH         LINE#         135
  C:01ADH         LINE#         136
  C:01AFH         LINE#         185
  C:01B2H         LINE#         196
  -------         ENDMOD        ?C_STARTUP

  -------         MODULE        MAIN
  C:0000H         SYMBOL        _ICE_DUMMY_
  D:0093H         PUBLIC        P0M1
  D:0080H         PUBLIC        P0
  D:0090H         PUBLIC        P1
  D:00A0H         PUBLIC        P2
  D:00B0H         PUBLIC        P3
  D:00C0H         PUBLIC        P4
  D:00C8H         PUBLIC        P5
  D:00E8H         PUBLIC        P6
  B:00A8H.7       PUBLIC        EA
  D:00F8H         PUBLIC        P7
  B:0080H.5       PUBLIC        LED_R
  D:00A8H         PUBLIC        IE
  D:00B8H         PUBLIC        IP
  C:0299H         PUBLIC        OSCtxSw
  D:0081H         PUBLIC        SP
  D:00D8H         PUBLIC        CCON
  C:02EBH         PUBLIC        main
  C:041CH         PUBLIC        Timer0_Init
  I:000DH         PUBLIC        task_idle_stack
  C:000EH         PUBLIC        _?time0_handle
  D:0098H         PUBLIC        SCON
  D:0089H         PUBLIC        TMOD
  D:0088H         PUBLIC        TCON
  D:008EH         PUBLIC        AUXR
  B:00A8H.1       PUBLIC        ET0
  B:0088H.5       PUBLIC        TF0
  D:008CH         PUBLIC        TH0
  X:0008H         PUBLIC        cut
  X:000AH         PUBLIC        idle_cut
  D:008AH         PUBLIC        TL0
BL51 BANKED LINKER/LOCATER V6.22.2.0                                                  12/25/2023  22:53:28  PAGE 4


  C:0235H         PUBLIC        _os_task_create
  C:033AH         PUBLIC        _os_delay
  B:0088H.4       PUBLIC        TR0
  I:0021H         PUBLIC        tcb_list
  X:000BH         PUBLIC        max_task
  I:0044H         PUBLIC        task_stack1
  I:0058H         PUBLIC        task_stack2
  X:000DH         PUBLIC        task_id
  C:0003H         PUBLIC        task1
  C:0005H         PUBLIC        task2
  C:03F3H         PUBLIC        Delay500ms
  C:03C1H         PUBLIC        os_start
  C:0408H         PUBLIC        os_idle_task
  D:00D0H         PUBLIC        PSW
  B:0080H.7       PUBLIC        LED_G
  D:0094H         PUBLIC        P0M0
  -------         PROC          DELAY500MS
  -------         DO            
  D:0008H         SYMBOL        i
  D:0009H         SYMBOL        j
  D:000AH         SYMBOL        k
  -------         ENDDO         
  C:03F3H         LINE#         17
  C:03F3H         LINE#         18
  C:03F3H         LINE#         21
  C:03F4H         LINE#         22
  C:03F5H         LINE#         23
  C:03F8H         LINE#         24
  C:03FBH         LINE#         25
  C:03FEH         LINE#         27
  C:03FEH         LINE#         29
  C:03FEH         LINE#         30
  C:0401H         LINE#         31
  C:0404H         LINE#         32
  C:0407H         LINE#         33
  -------         ENDPROC       DELAY500MS
  -------         PROC          OSCTXSW
  -------         DO            
  D:0007H         SYMBOL        ost_i
  -------         ENDDO         
  C:0299H         LINE#         80
  C:0299H         LINE#         81
  C:0299H         LINE#         82
  C:029BH         LINE#         84
  C:02A9H         LINE#         86
  C:02B9H         LINE#         87
  C:02B9H         LINE#         88
  C:02C6H         LINE#         89
  C:02C6H         LINE#         90
  C:02CEH         LINE#         91
  C:02CEH         LINE#         93
  C:02CEH         LINE#         94
  C:02D1H         LINE#         97
  C:02E3H         LINE#         98
  C:02E3H         LINE#         99
  C:02EAH         LINE#         100
  C:02EAH         LINE#         103
BL51 BANKED LINKER/LOCATER V6.22.2.0                                                  12/25/2023  22:53:28  PAGE 5


  -------         ENDPROC       OSCTXSW
  -------         PROC          _OS_TASK_CREATE
  X:0000H         SYMBOL        task
  X:0003H         SYMBOL        tstack
  X:0006H         SYMBOL        tid
  C:0235H         LINE#         105
  C:0240H         LINE#         106
  C:0240H         LINE#         108
  C:0254H         LINE#         109
  C:026DH         LINE#         111
  C:0280H         LINE#         112
  C:028AH         LINE#         114
  C:0298H         LINE#         115
  -------         ENDPROC       _OS_TASK_CREATE
  -------         PROC          OS_START
  C:03C1H         LINE#         118
  C:03C1H         LINE#         119
  C:03C1H         LINE#         121
  C:03DCH         LINE#         123
  C:03E3H         LINE#         124
  C:03F2H         LINE#         126
  -------         ENDPROC       OS_START
  -------         PROC          _OS_DELAY
  X:000FH         SYMBOL        tasks
  C:033AH         LINE#         129
  C:0340H         LINE#         130
  C:0340H         LINE#         131
  C:0359H         LINE#         132
  C:0359H         LINE#         134
  C:0377H         LINE#         136
  C:0381H         LINE#         138
  C:0384H         LINE#         139
  C:0384H         LINE#         142
  -------         ENDPROC       _OS_DELAY
  -------         PROC          OS_IDLE_TASK
  C:0408H         LINE#         145
  C:0408H         LINE#         146
  C:0408H         LINE#         147
  C:040AH         LINE#         149
  C:040AH         LINE#         150
  C:040AH         LINE#         151
  C:0410H         LINE#         152
  C:0412H         LINE#         153
  C:0415H         LINE#         155
  C:0417H         LINE#         156
  C:041AH         LINE#         158
  -------         ENDPROC       OS_IDLE_TASK
  -------         PROC          TASK1
  C:0003H         LINE#         161
  C:0003H         LINE#         162
  C:0003H         LINE#         163
  C:0003H         LINE#         164
  C:0003H         LINE#         174
  -------         ENDPROC       TASK1
  -------         PROC          TASK2
  C:0005H         LINE#         177
  C:0005H         LINE#         178
BL51 BANKED LINKER/LOCATER V6.22.2.0                                                  12/25/2023  22:53:28  PAGE 6


  C:0005H         LINE#         180
  C:0005H         LINE#         181
  C:0005H         LINE#         187
  -------         ENDPROC       TASK2
  -------         PROC          _?TIME0_HANDLE
  -------         DO            
  x:0000H         SYMBOL        ti
  -------         ENDDO         
  C:000EH         LINE#         193
  C:0014H         LINE#         196
  C:001CH         LINE#         197
  C:002AH         LINE#         199
  C:0036H         LINE#         200
  C:0036H         LINE#         201
  C:003DH         LINE#         202
  C:003FH         LINE#         203
  C:003FH         LINE#         205
  C:0061H         LINE#         206
  C:0061H         LINE#         207
  C:006EH         LINE#         208
  C:006EH         LINE#         209
  C:006EH         LINE#         210
  C:006EH         LINE#         212
  C:009AH         LINE#         213
  C:009AH         LINE#         214
  C:00B0H         LINE#         216
  C:00BAH         LINE#         217
  C:00BCH         LINE#         218
  C:00BCH         LINE#         219
  C:00E9H         LINE#         220
  C:00F5H         LINE#         222
  C:00FDH         LINE#         224
  -------         ENDPROC       _?TIME0_HANDLE
  -------         PROC          TIMER0_INIT
  C:041CH         LINE#         226
  C:041CH         LINE#         227
  C:041CH         LINE#         228
  C:041FH         LINE#         229
  C:0422H         LINE#         230
  C:0425H         LINE#         231
  C:0428H         LINE#         232
  C:042AH         LINE#         233
  C:042CH         LINE#         234
  C:042EH         LINE#         235
  -------         ENDPROC       TIMER0_INIT
  -------         PROC          MAIN
  C:02EBH         LINE#         238
  C:02EBH         LINE#         239
  C:02EBH         LINE#         240
  C:02EEH         LINE#         241
  C:02F0H         LINE#         242
  C:02F3H         LINE#         243
  C:02F5H         LINE#         245
  C:02F9H         LINE#         246
  C:02FCH         LINE#         250
  C:0318H         LINE#         251
  C:0335H         LINE#         255
BL51 BANKED LINKER/LOCATER V6.22.2.0                                                  12/25/2023  22:53:28  PAGE 7


  C:0338H         LINE#         258
  C:0338H         LINE#         259
  C:0338H         LINE#         261
  -------         ENDPROC       MAIN
  -------         ENDMOD        MAIN

  -------         MODULE        OS_CPU_A_ASM
  C:042FH         SEGMENT       ?PR?TEST?OS_CPU_A_ASM
  C:0385H         SEGMENT       ?PR?TIMER0_ISR?OS_CPU_A_ASM
  C:042FH         PUBLIC        TEST
  D:00E0H         SYMBOL        ACC
  D:00F0H         SYMBOL        B
  D:0083H         SYMBOL        DPH
  D:0082H         SYMBOL        DPL
  B:00A8H.7       SYMBOL        EA
  N:0000H         SYMBOL        OS_CPU_A_ASM
  D:00D0H         SYMBOL        PSW
  C:0385H         SYMBOL        TIMER0_ISR
  C:042FH         LINE#         56
  C:0431H         LINE#         57
  C:0433H         LINE#         58
  C:0435H         LINE#         59
  C:0437H         LINE#         60
  C:0439H         LINE#         61
  C:043BH         LINE#         62
  C:043DH         LINE#         63
  C:043FH         LINE#         65
  C:0385H         LINE#         72
  C:0387H         LINE#         74
  C:0389H         LINE#         74
  C:038BH         LINE#         74
  C:038DH         LINE#         74
  C:038FH         LINE#         74
  C:0391H         LINE#         74
  C:0393H         LINE#         74
  C:0395H         LINE#         74
  C:0397H         LINE#         74
  C:0399H         LINE#         74
  C:039BH         LINE#         74
  C:039DH         LINE#         74
  C:039FH         LINE#         74
  C:03A1H         LINE#         76
  C:03A4H         LINE#         78
  C:03A6H         LINE#         79
  C:03A8H         LINE#         79
  C:03AAH         LINE#         79
  C:03ACH         LINE#         79
  C:03AEH         LINE#         79
  C:03B0H         LINE#         79
  C:03B2H         LINE#         79
  C:03B4H         LINE#         79
  C:03B6H         LINE#         79
  C:03B8H         LINE#         79
  C:03BAH         LINE#         79
  C:03BCH         LINE#         79
  C:03BEH         LINE#         79
  C:03C0H         LINE#         81
BL51 BANKED LINKER/LOCATER V6.22.2.0                                                  12/25/2023  22:53:28  PAGE 8


  C:000BH         LINE#         86
  -------         ENDMOD        OS_CPU_A_ASM

  -------         MODULE        ?C?CSTPTR
  C:0103H         PUBLIC        ?C?CSTPTR
  -------         ENDMOD        ?C?CSTPTR

  -------         MODULE        ?C?CSTOPTR
  C:0115H         PUBLIC        ?C?CSTOPTR
  -------         ENDMOD        ?C?CSTOPTR

  -------         MODULE        ?C?ULCMP
  C:0137H         PUBLIC        ?C?ULCMP
  -------         ENDMOD        ?C?ULCMP

  -------         MODULE        ?C?LLDIDATA
  C:0148H         PUBLIC        ?C?LLDIDATA
  -------         ENDMOD        ?C?LLDIDATA

  -------         MODULE        ?C?LSTIDATA
  C:0154H         PUBLIC        ?C?LSTIDATA
  -------         ENDMOD        ?C?LSTIDATA

  -------         MODULE        ?C?LSTXDATA
  C:0160H         PUBLIC        ?C?LSTXDATA
  -------         ENDMOD        ?C?LSTXDATA

  -------         MODULE        ?C?LSTKIDATA
  C:016CH         PUBLIC        ?C?LSTKIDATA
  -------         ENDMOD        ?C?LSTKIDATA

  -------         MODULE        ?C_XBP
  D:000BH         PUBLIC        ?C_XBP
  -------         ENDMOD        ?C_XBP

  -------         MODULE        ?C?ADDXBP
  C:0185H         PUBLIC        ?C?ADDXBP
  -------         ENDMOD        ?C?ADDXBP

*** WARNING L16: UNCALLED SEGMENT, IGNORED FOR OVERLAY PROCESS
    SEGMENT: ?PR?_OS_DELAY?MAIN

Program Size: data=109.0 xdata=19 code=1099
LINK/LOCATE RUN COMPLETE.  1 WARNING(S),  0 ERROR(S)
