BL51 BANKED LINKER/LOCATER V6.22.2.0                                                    12/20/2023  22:50:11  PAGE 1


BL51 BANKED LINKER/LOCATER V6.22.2.0, INVOKED BY:
D:\KEIL_V5_C51\C51\BIN\BL51.EXE .\Objects\STARTUP.obj, .\Objects\main.obj, .\Objects\os_port.obj, .\Objects\os_task.obj 
>> TO .\Objects\ºôÎüµÆpwm PRINT (.\Listings\ºôÎüµÆpwm.m51) RAMSIZE (256)


MEMORY MODEL: SMALL


INPUT MODULES INCLUDED:
  .\Objects\STARTUP.obj (?C_STARTUP)
  .\Objects\main.obj (MAIN)
  .\Objects\os_port.obj (OS_PORT)
  .\Objects\os_task.obj (OS_TASK)
  D:\KEIL_V5_C51\C51\LIB\C51S.LIB (?C_INIT)


LINK MAP OF MODULE:  .\Objects\ºôÎüµÆpwm (?C_STARTUP)


            TYPE    BASE      LENGTH    RELOCATION   SEGMENT NAME
            -----------------------------------------------------

            * * * * * * *   D A T A   M E M O R Y   * * * * * * *
            REG     0000H     0008H     ABSOLUTE     "REG BANK 0"
            DATA    0008H     0002H     UNIT         ?DT?_OS_TASK_DELAY?OS_TASK
            DATA    000AH     0001H     UNIT         ?DT?MAIN
            IDATA   000BH     0001H     UNIT         ?STACK

            * * * * * * *   C O D E   M E M O R Y   * * * * * * *
            CODE    0000H     0003H     ABSOLUTE     
                    0003H     0008H                  *** GAP ***
            CODE    000BH     0003H     ABSOLUTE     
                    000EH     07F2H                  *** GAP ***
            CODE    0800H     008CH     UNIT         ?C_C51STARTUP
            CODE    088CH     0015H     UNIT         ?PR?TIMER0INIT?MAIN
            CODE    08A1H     0014H     UNIT         ?PR?_DELAY_MS?MAIN
            CODE    08B5H     0011H     UNIT         ?PR?TIMER0_ISR?MAIN
            CODE    08C6H     000CH     UNIT         ?PR?MAIN?MAIN
            CODE    08D2H     000BH     UNIT         ?PR?DELAY1MS?MAIN
            CODE    08DDH     0005H     UNIT         ?PR?_OS_TASK_DELAY?OS_TASK
            CODE    08E2H     0004H     UNIT         ?C_INITSEG
            CODE    08E6H     0001H     UNIT         ?PR?OS_TASK_START_SCHEDULER?OS_TASK
            CODE    08E7H     0001H     UNIT         ?PR?OS_TASK_CREATE?OS_TASK
            CODE    08E8H     0001H     UNIT         ?PR?OS_TASK_DELETE?OS_TASK
            CODE    08E9H     0001H     UNIT         ?PR?OS_TASK_SUSPEND?OS_TASK



OVERLAY MAP OF MODULE:   .\Objects\ºôÎüµÆpwm (?C_STARTUP)


SEGMENT
  +--> CALLED SEGMENT
---------------------
?C_C51STARTUP
  +--> ?PR?MAIN?MAIN
  +--> ?C_INITSEG

BL51 BANKED LINKER/LOCATER V6.22.2.0                                                  12/20/2023  22:50:11  PAGE 2


?PR?MAIN?MAIN
  +--> ?PR?TIMER0INIT?MAIN



SYMBOL TABLE OF MODULE:  .\Objects\ºôÎüµÆpwm (?C_STARTUP)

  VALUE           TYPE          NAME
  ----------------------------------

  -------         MODULE        ?C_STARTUP
  C:0800H         SEGMENT       ?C_C51STARTUP
  I:000BH         SEGMENT       ?STACK
  C:0000H         PUBLIC        ?C_STARTUP
  D:00E0H         SYMBOL        ACC
  D:00F0H         SYMBOL        B
  D:0083H         SYMBOL        DPH
  D:0082H         SYMBOL        DPL
  N:0000H         SYMBOL        IBPSTACK
  N:0100H         SYMBOL        IBPSTACKTOP
  N:0080H         SYMBOL        IDATALEN
  C:0803H         SYMBOL        IDATALOOP
  N:0000H         SYMBOL        PBPSTACK
  N:0100H         SYMBOL        PBPSTACKTOP
  N:0000H         SYMBOL        PDATALEN
  N:0000H         SYMBOL        PDATASTART
  N:0000H         SYMBOL        PPAGE
  N:0000H         SYMBOL        PPAGEENABLE
  D:00A0H         SYMBOL        PPAGE_SFR
  D:0081H         SYMBOL        SP
  C:0800H         SYMBOL        STARTUP1
  N:0000H         SYMBOL        XBPSTACK
  N:0000H         SYMBOL        XBPSTACKTOP
  N:0000H         SYMBOL        XDATALEN
  N:0000H         SYMBOL        XDATASTART
  C:0000H         LINE#         126
  C:0800H         LINE#         133
  C:0802H         LINE#         134
  C:0803H         LINE#         135
  C:0804H         LINE#         136
  C:0806H         LINE#         185
  C:0809H         LINE#         196
  -------         ENDMOD        ?C_STARTUP

  -------         MODULE        MAIN
  C:0000H         SYMBOL        _ICE_DUMMY_
  D:0093H         PUBLIC        P0M1
  D:0080H         PUBLIC        P0
  D:0090H         PUBLIC        P1
  D:00A0H         PUBLIC        P2
  D:00B0H         PUBLIC        P3
  D:00C0H         PUBLIC        P4
  C:08D2H         PUBLIC        Delay1ms
  D:00C8H         PUBLIC        P5
  D:00E8H         PUBLIC        P6
  B:00A8H.7       PUBLIC        EA
  D:00F8H         PUBLIC        P7
BL51 BANKED LINKER/LOCATER V6.22.2.0                                                  12/20/2023  22:50:11  PAGE 3


  D:00A8H         PUBLIC        IE
  B:0080H.6       PUBLIC        LED_Y
  D:00B8H         PUBLIC        IP
  D:00D8H         PUBLIC        CCON
  C:08C6H         PUBLIC        main
  D:0098H         PUBLIC        SCON
  D:0089H         PUBLIC        TMOD
  D:0088H         PUBLIC        TCON
  D:000AH         PUBLIC        ti0_cut
  D:008EH         PUBLIC        AUXR
  C:08B5H         PUBLIC        Timer0_Isr
  B:00A8H.1       PUBLIC        ET0
  B:0088H.5       PUBLIC        TF0
  C:088CH         PUBLIC        Timer0Init
  D:008CH         PUBLIC        TH0
  D:008AH         PUBLIC        TL0
  C:08A1H         PUBLIC        _delay_ms
  B:0088H.4       PUBLIC        TR0
  D:00D0H         PUBLIC        PSW
  D:0094H         PUBLIC        P0M0
  -------         PROC          DELAY1MS
  -------         DO            
  D:0007H         SYMBOL        i
  D:0006H         SYMBOL        j
  -------         ENDDO         
  C:08D2H         LINE#         19
  C:08D2H         LINE#         20
  C:08D2H         LINE#         23
  C:08D3H         LINE#         24
  C:08D4H         LINE#         25
  C:08D6H         LINE#         26
  C:08D8H         LINE#         28
  C:08D8H         LINE#         29
  C:08DAH         LINE#         30
  C:08DCH         LINE#         31
  -------         ENDPROC       DELAY1MS
  -------         PROC          _DELAY_MS
  D:0004H         SYMBOL        ms
  C:08A1H         LINE#         34
  C:08A5H         LINE#         35
  C:08A5H         LINE#         36
  C:08AFH         LINE#         37
  C:08AFH         LINE#         38
  C:08B2H         LINE#         39
  C:08B4H         LINE#         40
  -------         ENDPROC       _DELAY_MS
  -------         PROC          TIMER0_ISR
  C:08B5H         LINE#         42
  C:08B7H         LINE#         44
  C:08B9H         LINE#         45
  C:08BFH         LINE#         46
  C:08BFH         LINE#         47
  C:08C1H         LINE#         48
  C:08C3H         LINE#         49
  C:08C3H         LINE#         51
  -------         ENDPROC       TIMER0_ISR
  -------         PROC          TIMER0INIT
BL51 BANKED LINKER/LOCATER V6.22.2.0                                                  12/20/2023  22:50:11  PAGE 4


  C:088CH         LINE#         54
  C:088CH         LINE#         55
  C:088CH         LINE#         56
  C:088FH         LINE#         57
  C:0892H         LINE#         58
  C:0895H         LINE#         59
  C:0898H         LINE#         60
  C:089AH         LINE#         61
  C:089CH         LINE#         62
  C:089EH         LINE#         63
  C:08A0H         LINE#         64
  -------         ENDPROC       TIMER0INIT
  -------         PROC          MAIN
  C:08C6H         LINE#         67
  C:08C6H         LINE#         68
  C:08C6H         LINE#         69
  C:08C9H         LINE#         70
  C:08CBH         LINE#         71
  C:08CEH         LINE#         72
  C:08D0H         LINE#         77
  C:08D0H         LINE#         78
  C:08D0H         LINE#         80
  -------         ENDPROC       MAIN
  -------         ENDMOD        MAIN

  -------         MODULE        OS_PORT
  C:0000H         SYMBOL        _ICE_DUMMY_
  -------         ENDMOD        OS_PORT

  -------         MODULE        OS_TASK
  C:0000H         SYMBOL        _ICE_DUMMY_
  C:08E6H         PUBLIC        os_task_start_scheduler
  C:08E8H         PUBLIC        os_task_delete
  C:08E7H         PUBLIC        os_task_create
  C:08E9H         PUBLIC        os_task_suspend
  C:08DDH         PUBLIC        _os_task_delay
  -------         PROC          OS_TASK_START_SCHEDULER
  C:08E6H         LINE#         3
  C:08E6H         LINE#         4
  C:08E6H         LINE#         6
  -------         ENDPROC       OS_TASK_START_SCHEDULER
  -------         PROC          OS_TASK_CREATE
  C:08E7H         LINE#         9
  C:08E7H         LINE#         10
  C:08E7H         LINE#         12
  -------         ENDPROC       OS_TASK_CREATE
  -------         PROC          OS_TASK_DELETE
  C:08E8H         LINE#         16
  C:08E8H         LINE#         17
  C:08E8H         LINE#         19
  -------         ENDPROC       OS_TASK_DELETE
  -------         PROC          OS_TASK_SUSPEND
  C:08E9H         LINE#         23
  C:08E9H         LINE#         24
  C:08E9H         LINE#         26
  -------         ENDPROC       OS_TASK_SUSPEND
  -------         PROC          _OS_TASK_DELAY
BL51 BANKED LINKER/LOCATER V6.22.2.0                                                  12/20/2023  22:50:11  PAGE 5


  D:0008H         SYMBOL        ticks
  C:08DDH         LINE#         30
  C:08E1H         LINE#         31
  C:08E1H         LINE#         32
  C:08E1H         LINE#         34
  -------         ENDPROC       _OS_TASK_DELAY
  -------         ENDMOD        OS_TASK

*** WARNING L16: UNCALLED SEGMENT, IGNORED FOR OVERLAY PROCESS
    SEGMENT: ?PR?_DELAY_MS?MAIN

*** WARNING L16: UNCALLED SEGMENT, IGNORED FOR OVERLAY PROCESS
    SEGMENT: ?PR?OS_TASK_START_SCHEDULER?OS_TASK

*** WARNING L16: UNCALLED SEGMENT, IGNORED FOR OVERLAY PROCESS
    SEGMENT: ?PR?OS_TASK_CREATE?OS_TASK

*** WARNING L16: UNCALLED SEGMENT, IGNORED FOR OVERLAY PROCESS
    SEGMENT: ?PR?OS_TASK_DELETE?OS_TASK

*** WARNING L16: UNCALLED SEGMENT, IGNORED FOR OVERLAY PROCESS
    SEGMENT: ?PR?OS_TASK_SUSPEND?OS_TASK

*** WARNING L16: UNCALLED SEGMENT, IGNORED FOR OVERLAY PROCESS
    SEGMENT: ?PR?_OS_TASK_DELAY?OS_TASK

******************************************************************************
* RESTRICTED VERSION WITH 0800H BYTE CODE SIZE LIMIT; USED: 006FH BYTE ( 5%) *
******************************************************************************

Program Size: data=12.0 xdata=0 code=240
LINK/LOCATE RUN COMPLETE.  6 WARNING(S),  0 ERROR(S)
