BL51 BANKED LINKER/LOCATER V6.22.4.0                                                    01/02/2024  13:29:54  PAGE 1


BL51 BANKED LINKER/LOCATER V6.22.4.0, INVOKED BY:
C:\KEIL_V5\C51\BIN\BL51.EXE .\Objects\STARTUP.obj, .\Objects\main.obj, .\Objects\ringBuffer.obj, .\Objects\os_mcu.obj, .
>> \Objects\os_task.obj, .\Objects\os_queue.obj TO .\Objects\ºôÎüµÆpwm PRINT (.\Listings\ºôÎüµÆpwm.m51) RAMSIZE (256)


MEMORY MODEL: SMALL


INPUT MODULES INCLUDED:
  .\Objects\STARTUP.obj (?C_STARTUP)
  .\Objects\main.obj (MAIN)
  .\Objects\ringBuffer.obj (RINGBUFFER)
  .\Objects\os_mcu.obj (OS_CPU_A_ASM)
  .\Objects\os_task.obj (OS_TASK)
  .\Objects\os_queue.obj (OS_QUEUE)
  C:\KEIL_V5\C51\LIB\C51S.LIB (?C_INIT)
  C:\KEIL_V5\C51\LIB\C51S.LIB (?C?COPY)
  C:\KEIL_V5\C51\LIB\C51S.LIB (?C?CLDOPTR)
  C:\KEIL_V5\C51\LIB\C51S.LIB (?C?CSTPTR)
  C:\KEIL_V5\C51\LIB\C51S.LIB (?C?CSTOPTR)
  C:\KEIL_V5\C51\LIB\C51S.LIB (?C?ULCMP)
  C:\KEIL_V5\C51\LIB\C51S.LIB (?C?LSTXDATA)
  C:\KEIL_V5\C51\LIB\C51S.LIB (?C?LSTKXDATA)
  C:\KEIL_V5\C51\LIB\C51S.LIB (?C?OFFXADD)
  C:\KEIL_V5\C51\LIB\C51S.LIB (?C?PLDPTR)
  C:\KEIL_V5\C51\LIB\C51S.LIB (?C?PSTPTR)
  C:\KEIL_V5\C51\LIB\C51S.LIB (?C?PLDOPTR)
  C:\KEIL_V5\C51\LIB\C51S.LIB (?C?PSTOPTR)
  C:\KEIL_V5\C51\LIB\C51S.LIB (?C?PLDIDATA)
  C:\KEIL_V5\C51\LIB\C51S.LIB (?C?PSTIDATA)
  C:\KEIL_V5\C51\LIB\C51S.LIB (?C?PLDXDATA)
  C:\KEIL_V5\C51\LIB\C51S.LIB (?C?PSTXDATA)
  C:\KEIL_V5\C51\LIB\C51S.LIB (?C?PLDPDATA)
  C:\KEIL_V5\C51\LIB\C51S.LIB (?C?PSTPDATA)
  C:\KEIL_V5\C51\LIB\C51S.LIB (?C?PLDCODE)


LINK MAP OF MODULE:  .\Objects\ºôÎüµÆpwm (?C_STARTUP)


            TYPE    BASE      LENGTH    RELOCATION   SEGMENT NAME
            -----------------------------------------------------

            * * * * * * *   D A T A   M E M O R Y   * * * * * * *
            REG     0000H     0008H     ABSOLUTE     "REG BANK 0"
            DATA    0008H     000BH     UNIT         ?DT?_OS_QUEUECREATE?OS_QUEUE
            DATA    0013H     0009H     UNIT         ?DT?_RINGBUFFER_WRITE?RINGBUFFER
            DATA    001CH     0009H     UNIT         ?DT?_RINGBUFFER_READ?RINGBUFFER
            DATA    0025H     0009H     UNIT         _DATA_GROUP_
            DATA    002EH     0008H     UNIT         ?DT?_RINGBUFFER_CREATED?RINGBUFFER
            DATA    0036H     0002H     UNIT         ?DT?MAIN
            DATA    0038H     0002H     UNIT         ?DT?OS_TASK
            IDATA   003AH     0014H     UNIT         ?ID?OS_TASK
            IDATA   004EH     0001H     UNIT         ?STACK

            * * * * * * *  X D A T A   M E M O R Y  * * * * * * *
            XDATA   0000H     0046H     UNIT         ?XD?OS_TASK
            XDATA   0046H     0028H     UNIT         ?XD?MAIN
BL51 BANKED LINKER/LOCATER V6.22.4.0                                                  01/02/2024  13:29:54  PAGE 2



            * * * * * * *   C O D E   M E M O R Y   * * * * * * *
            CODE    0000H     0003H     ABSOLUTE     
            CODE    0003H     0002H     UNIT         ?PR?OS_IDLE_TASK?OS_TASK
            CODE    0005H     0001H     UNIT         ?PR?TEST?OS_CPU_A_ASM
                    0006H     0005H                  *** GAP ***
            CODE    000BH     0003H     ABSOLUTE     
            CODE    000EH     02EBH     UNIT         ?C?LIB_CODE
            CODE    02F9H     012DH     UNIT         ?PR?_RINGBUFFER_READ?RINGBUFFER
            CODE    0426H     00C9H     UNIT         ?PR?_RINGBUFFER_WRITE?RINGBUFFER
            CODE    04EFH     00C1H     UNIT         ?PR?TIME_HANDLEHOOK?OS_TASK
            CODE    05B0H     008CH     UNIT         ?C_C51STARTUP
            CODE    063CH     008AH     UNIT         ?PR?_OS_TASK_CREATE?OS_TASK
            CODE    06C6H     0078H     UNIT         ?PR?OS_SWITCH?OS_TASK
            CODE    073EH     0064H     UNIT         ?PR?_RINGBUFFER_CREATED?RINGBUFFER
            CODE    07A2H     0057H     UNIT         ?PR?OS_START?OS_TASK
            CODE    07F9H     0041H     UNIT         ?PR?MAIN?MAIN
            CODE    083AH     003CH     UNIT         ?PR?TIMER0_ISR?OS_CPU_A_ASM
            CODE    0876H     0036H     UNIT         ?PR?_OS_QUEUECREATE?OS_QUEUE
            CODE    08ACH     0032H     UNIT         ?PR?TASK2?MAIN
            CODE    08DEH     0029H     UNIT         ?PR?TASK1?MAIN
            CODE    0907H     0027H     UNIT         ?PR?_OS_DELAY?OS_TASK
            CODE    092EH     0021H     UNIT         ?PR?OS_GETTASKIDHIGHPRIORITY?OS_TASK
            CODE    094FH     001AH     UNIT         ?PR?_?TIME0_HANDLE?MAIN
            CODE    0969H     0013H     UNIT         ?PR?TIMER0_INIT?MAIN
            CODE    097CH     000BH     UNIT         ?C_INITSEG



OVERLAY MAP OF MODULE:   .\Objects\ºôÎüµÆpwm (?C_STARTUP)


SEGMENT                                        DATA_GROUP 
  +--> CALLED SEGMENT                        START    LENGTH
------------------------------------------------------------
?C_C51STARTUP                                -----    -----
  +--> ?PR?MAIN?MAIN
  +--> ?C_INITSEG

?PR?MAIN?MAIN                                -----    -----
  +--> ?PR?TIMER0_INIT?MAIN
  +--> ?PR?TASK1?MAIN
  +--> ?PR?_OS_TASK_CREATE?OS_TASK
  +--> ?PR?TASK2?MAIN
  +--> ?PR?OS_START?OS_TASK

?PR?TASK1?MAIN                               -----    -----
  +--> ?PR?_OS_DELAY?OS_TASK

?PR?_OS_DELAY?OS_TASK                        -----    -----
  +--> ?PR?OS_SWITCH?OS_TASK

?PR?OS_SWITCH?OS_TASK                        -----    -----
  +--> ?PR?OS_GETTASKIDHIGHPRIORITY?OS_TASK

?PR?_OS_TASK_CREATE?OS_TASK                  0025H    0008H

BL51 BANKED LINKER/LOCATER V6.22.4.0                                                  01/02/2024  13:29:54  PAGE 3


?PR?TASK2?MAIN                               -----    -----
  +--> ?PR?_OS_DELAY?OS_TASK

?PR?OS_START?OS_TASK                         -----    -----
  +--> ?PR?OS_IDLE_TASK?OS_TASK
  +--> ?PR?_OS_TASK_CREATE?OS_TASK

*** NEW ROOT ***************************************************

?PR?TIMER0_ISR?OS_CPU_A_ASM                  -----    -----
  +--> ?PR?_?TIME0_HANDLE?MAIN

?PR?_?TIME0_HANDLE?MAIN                      -----    -----
  +--> ?PR?TIME_HANDLEHOOK?OS_TASK

?PR?TIME_HANDLEHOOK?OS_TASK                  002DH    0001H
  +--> ?PR?OS_SWITCH?OS_TASK



SYMBOL TABLE OF MODULE:  .\Objects\ºôÎüµÆpwm (?C_STARTUP)

  VALUE           TYPE          NAME
  ----------------------------------

  -------         MODULE        ?C_STARTUP
  C:05B0H         SEGMENT       ?C_C51STARTUP
  I:004EH         SEGMENT       ?STACK
  C:0000H         PUBLIC        ?C_STARTUP
  D:00E0H         SYMBOL        ACC
  D:00F0H         SYMBOL        B
  D:0083H         SYMBOL        DPH
  D:0082H         SYMBOL        DPL
  N:0000H         SYMBOL        IBPSTACK
  N:0100H         SYMBOL        IBPSTACKTOP
  N:0080H         SYMBOL        IDATALEN
  C:05B3H         SYMBOL        IDATALOOP
  N:0000H         SYMBOL        PBPSTACK
  N:0100H         SYMBOL        PBPSTACKTOP
  N:0000H         SYMBOL        PDATALEN
  N:0000H         SYMBOL        PDATASTART
  N:0000H         SYMBOL        PPAGE
  N:0000H         SYMBOL        PPAGEENABLE
  D:00A0H         SYMBOL        PPAGE_SFR
  D:0081H         SYMBOL        SP
  C:05B0H         SYMBOL        STARTUP1
  N:0000H         SYMBOL        XBPSTACK
  N:0000H         SYMBOL        XBPSTACKTOP
  N:0000H         SYMBOL        XDATALEN
  N:0000H         SYMBOL        XDATASTART
  C:0000H         LINE#         126
  C:05B0H         LINE#         133
  C:05B2H         LINE#         134
  C:05B3H         LINE#         135
  C:05B4H         LINE#         136
  C:05B6H         LINE#         185
  C:05B9H         LINE#         196
BL51 BANKED LINKER/LOCATER V6.22.4.0                                                  01/02/2024  13:29:54  PAGE 4


  -------         ENDMOD        ?C_STARTUP

  -------         MODULE        MAIN
  C:0000H         SYMBOL        _ICE_DUMMY_
  D:0093H         PUBLIC        P0M1
  D:0080H         PUBLIC        P0
  D:0090H         PUBLIC        P1
  D:00A0H         PUBLIC        P2
  D:00B0H         PUBLIC        P3
  D:00C0H         PUBLIC        P4
  D:00C8H         PUBLIC        P5
  D:00E8H         PUBLIC        P6
  B:00A8H.7       PUBLIC        EA
  D:00F8H         PUBLIC        P7
  B:0080H.5       PUBLIC        LED_R
  D:00BAH         PUBLIC        P_SW2
  D:00A8H         PUBLIC        IE
  B:0080H.6       PUBLIC        LED_Y
  D:00B8H         PUBLIC        IP
  D:00D8H         PUBLIC        CCON
  C:07F9H         PUBLIC        main
  C:0969H         PUBLIC        Timer0_Init
  C:094FH         PUBLIC        _?time0_handle
  D:0098H         PUBLIC        SCON
  D:0089H         PUBLIC        TMOD
  D:0088H         PUBLIC        TCON
  D:008EH         PUBLIC        AUXR
  B:00A8H.1       PUBLIC        ET0
  B:0088H.5       PUBLIC        TF0
  D:008CH         PUBLIC        TH0
  D:0036H         PUBLIC        cut
  D:008AH         PUBLIC        TL0
  B:0088H.4       PUBLIC        TR0
  X:0046H         PUBLIC        task_stack1
  X:005AH         PUBLIC        task_stack2
  C:08DEH         PUBLIC        task1
  C:08ACH         PUBLIC        task2
  D:00D0H         PUBLIC        PSW
  B:0080H.7       PUBLIC        LED_G
  D:0094H         PUBLIC        P0M0
  -------         PROC          TASK1
  C:08DEH         LINE#         29
  C:08DEH         LINE#         30
  C:08DEH         LINE#         31
  C:08DEH         LINE#         32
  C:08DEH         LINE#         33
  C:08E0H         LINE#         34
  C:08EBH         LINE#         36
  C:08EDH         LINE#         37
  C:08F8H         LINE#         39
  C:08FAH         LINE#         40
  C:0905H         LINE#         42
  -------         ENDPROC       TASK1
  -------         PROC          TASK2
  C:08ACH         LINE#         45
  C:08ACH         LINE#         46
  C:08ACH         LINE#         48
BL51 BANKED LINKER/LOCATER V6.22.4.0                                                  01/02/2024  13:29:54  PAGE 5


  C:08ACH         LINE#         49
  C:08ACH         LINE#         50
  C:08AEH         LINE#         51
  C:08B9H         LINE#         52
  C:08C4H         LINE#         54
  C:08C6H         LINE#         55
  C:08D1H         LINE#         56
  C:08DCH         LINE#         58
  -------         ENDPROC       TASK2
  -------         PROC          TIMER0_INIT
  C:0969H         LINE#         63
  C:0969H         LINE#         64
  C:0969H         LINE#         65
  C:096CH         LINE#         66
  C:096FH         LINE#         67
  C:0972H         LINE#         68
  C:0975H         LINE#         69
  C:0977H         LINE#         70
  C:0979H         LINE#         71
  C:097BH         LINE#         72
  -------         ENDPROC       TIMER0_INIT
  -------         PROC          _?TIME0_HANDLE
  C:094FH         LINE#         76
  C:094FH         LINE#         79
  C:0957H         LINE#         81
  C:095FH         LINE#         82
  C:095FH         LINE#         83
  C:0964H         LINE#         84
  C:0966H         LINE#         85
  C:0966H         LINE#         86
  -------         ENDPROC       _?TIME0_HANDLE
  -------         PROC          MAIN
  C:07F9H         LINE#         93
  C:07F9H         LINE#         94
  C:07F9H         LINE#         98
  C:07FCH         LINE#         99
  C:07FEH         LINE#         100
  C:0801H         LINE#         101
  C:0803H         LINE#         102
  C:0806H         LINE#         104
  C:081DH         LINE#         105
  C:0835H         LINE#         106
  C:0838H         LINE#         109
  C:0838H         LINE#         110
  C:0838H         LINE#         112
  -------         ENDPROC       MAIN
  -------         ENDMOD        MAIN

  -------         MODULE        RINGBUFFER
  C:0000H         SYMBOL        _ICE_DUMMY_
  D:0080H         PUBLIC        P0
  D:0090H         PUBLIC        P1
  D:00A0H         PUBLIC        P2
  D:00B0H         PUBLIC        P3
  D:00C0H         PUBLIC        P4
  D:00C8H         PUBLIC        P5
  D:00E8H         PUBLIC        P6
BL51 BANKED LINKER/LOCATER V6.22.4.0                                                  01/02/2024  13:29:54  PAGE 6


  D:00F8H         PUBLIC        P7
  D:00A8H         PUBLIC        IE
  D:00B8H         PUBLIC        IP
  D:00D8H         PUBLIC        CCON
  C:02F9H         PUBLIC        _ringbuffer_read
  D:0098H         PUBLIC        SCON
  D:0088H         PUBLIC        TCON
  C:0426H         PUBLIC        _ringbuffer_write
  C:073EH         PUBLIC        _ringbuffer_created
  D:00D0H         PUBLIC        PSW
  -------         PROC          _RINGBUFFER_CREATED
  D:002EH         SYMBOL        ring_buffer
  D:0031H         SYMBOL        buff
  D:0034H         SYMBOL        buff_size
  D:0035H         SYMBOL        itemSize
  C:073EH         LINE#         21
  C:0744H         LINE#         22
  C:0744H         LINE#         25
  C:0759H         LINE#         26
  C:0771H         LINE#         27
  C:077FH         LINE#         28
  C:0787H         LINE#         29
  C:079FH         LINE#         32
  C:07A1H         LINE#         33
  -------         ENDPROC       _RINGBUFFER_CREATED
  -------         PROC          _RINGBUFFER_WRITE
  D:0013H         SYMBOL        ring_buffer
  D:0016H         SYMBOL        _data
  -------         DO            
  D:0019H         SYMBOL        next_w
  -------         ENDDO         
  C:0426H         LINE#         44
  C:042CH         LINE#         45
  C:042CH         LINE#         46
  C:0457H         LINE#         48
  C:0475H         LINE#         50
  C:0478H         LINE#         52
  C:0478H         LINE#         54
  C:04B2H         LINE#         56
  C:04B5H         LINE#         57
  C:04B5H         LINE#         59
  C:04D4H         LINE#         60
  C:04ECH         LINE#         61
  C:04EEH         LINE#         62
  -------         ENDPROC       _RINGBUFFER_WRITE
  -------         PROC          _RINGBUFFER_READ
  D:001CH         SYMBOL        ring_buffer
  D:001FH         SYMBOL        _data
  -------         DO            
  D:0022H         SYMBOL        next_r
  -------         ENDDO         
  C:02F9H         LINE#         74
  C:02FFH         LINE#         75
  C:02FFH         LINE#         78
  C:0317H         LINE#         81
  C:0373H         LINE#         83
  C:0373H         LINE#         84
BL51 BANKED LINKER/LOCATER V6.22.4.0                                                  01/02/2024  13:29:54  PAGE 7


  C:0386H         LINE#         86
  C:03A1H         LINE#         87
  C:03BFH         LINE#         88
  C:03C2H         LINE#         89
  C:03C2H         LINE#         92
  C:03F0H         LINE#         93
  C:03F3H         LINE#         94
  C:03F3H         LINE#         97
  C:040EH         LINE#         98
  C:0423H         LINE#         101
  C:0425H         LINE#         102
  -------         ENDPROC       _RINGBUFFER_READ
  -------         ENDMOD        RINGBUFFER

  -------         MODULE        OS_CPU_A_ASM
  C:0005H         SEGMENT       ?PR?TEST?OS_CPU_A_ASM
  C:083AH         SEGMENT       ?PR?TIMER0_ISR?OS_CPU_A_ASM
  C:0005H         PUBLIC        TEST
  D:00E0H         SYMBOL        ACC
  D:00F0H         SYMBOL        B
  D:0083H         SYMBOL        DPH
  D:0082H         SYMBOL        DPL
  B:00A8H.7       SYMBOL        EA
  N:0000H         SYMBOL        OS_CPU_A_ASM
  D:00D0H         SYMBOL        PSW
  C:083AH         SYMBOL        TIMER0_ISR
  C:0005H         LINE#         75
  C:083AH         LINE#         83
  C:083CH         LINE#         84
  C:083EH         LINE#         84
  C:0840H         LINE#         84
  C:0842H         LINE#         84
  C:0844H         LINE#         84
  C:0846H         LINE#         84
  C:0848H         LINE#         84
  C:084AH         LINE#         84
  C:084CH         LINE#         84
  C:084EH         LINE#         84
  C:0850H         LINE#         84
  C:0852H         LINE#         84
  C:0854H         LINE#         84
  C:0856H         LINE#         86
  C:0859H         LINE#         88
  C:085BH         LINE#         88
  C:085DH         LINE#         88
  C:085FH         LINE#         88
  C:0861H         LINE#         88
  C:0863H         LINE#         88
  C:0865H         LINE#         88
  C:0867H         LINE#         88
  C:0869H         LINE#         88
  C:086BH         LINE#         88
  C:086DH         LINE#         88
  C:086FH         LINE#         88
  C:0871H         LINE#         88
  C:0873H         LINE#         89
  C:0875H         LINE#         91
BL51 BANKED LINKER/LOCATER V6.22.4.0                                                  01/02/2024  13:29:54  PAGE 8


  C:000BH         LINE#         96
  -------         ENDMOD        OS_CPU_A_ASM

  -------         MODULE        OS_TASK
  C:0000H         SYMBOL        _ICE_DUMMY_
  D:0080H         PUBLIC        P0
  D:0090H         PUBLIC        P1
  D:00A0H         PUBLIC        P2
  D:00B0H         PUBLIC        P3
  D:00C0H         PUBLIC        P4
  D:00C8H         PUBLIC        P5
  D:00E8H         PUBLIC        P6
  B:00A8H.7       PUBLIC        EA
  D:00F8H         PUBLIC        P7
  D:00A8H         PUBLIC        IE
  C:04EFH         PUBLIC        time_handleHook
  D:00B8H         PUBLIC        IP
  D:0081H         PUBLIC        SP
  D:00D8H         PUBLIC        CCON
  X:0000H         PUBLIC        task_idle_stack
  D:0098H         PUBLIC        SCON
  C:092EH         PUBLIC        os_getTaskIdHighPriority
  D:0088H         PUBLIC        TCON
  C:063CH         PUBLIC        _os_task_create
  C:0907H         PUBLIC        _os_delay
  X:0014H         PUBLIC        tcb_list
  C:06C6H         PUBLIC        os_switch
  D:0038H         PUBLIC        max_task
  D:0039H         PUBLIC        task_id
  C:07A2H         PUBLIC        os_start
  C:0003H         PUBLIC        os_idle_task
  D:00D0H         PUBLIC        PSW
  I:003AH         SYMBOL        public_stack
  -------         PROC          OS_GETTASKIDHIGHPRIORITY
  -------         DO            
  D:0007H         SYMBOL        ost_i
  -------         ENDDO         
  C:092EH         LINE#         20
  C:092EH         LINE#         21
  C:092EH         LINE#         22
  C:0930H         LINE#         24
  C:0930H         LINE#         25
  C:0930H         LINE#         27
  C:0935H         LINE#         28
  C:0935H         LINE#         29
  C:0935H         LINE#         30
  C:0935H         LINE#         31
  C:0947H         LINE#         32
  C:0947H         LINE#         33
  C:0949H         LINE#         34
  C:094AH         LINE#         35
  C:094AH         LINE#         36
  C:094EH         LINE#         37
  -------         ENDPROC       OS_GETTASKIDHIGHPRIORITY
  -------         PROC          OS_SWITCH
  C:06C6H         LINE#         45
  C:06C6H         LINE#         46
BL51 BANKED LINKER/LOCATER V6.22.4.0                                                  01/02/2024  13:29:54  PAGE 9


  C:06C6H         LINE#         52
  C:06EEH         LINE#         55
  C:0704H         LINE#         57
  C:0707H         LINE#         60
  C:071AH         LINE#         63
  -------         ENDPROC       OS_SWITCH
  -------         PROC          _OS_TASK_CREATE
  D:0025H         SYMBOL        task
  D:0028H         SYMBOL        t_stack
  D:002BH         SYMBOL        tid
  C:063CH         LINE#         79
  C:0642H         LINE#         80
  C:0642H         LINE#         81
  C:0655H         LINE#         82
  C:0655H         LINE#         84
  C:0655H         LINE#         85
  C:0661H         LINE#         86
  C:066FH         LINE#         88
  C:068BH         LINE#         89
  C:06A3H         LINE#         91
  C:06C3H         LINE#         94
  C:06C5H         LINE#         95
  -------         ENDPROC       _OS_TASK_CREATE
  -------         PROC          OS_START
  C:07A2H         LINE#         103
  C:07A2H         LINE#         104
  C:07A2H         LINE#         105
  C:07A4H         LINE#         107
  C:07BCH         LINE#         110
  C:07BFH         LINE#         112
  C:07E3H         LINE#         114
  C:07F6H         LINE#         117
  C:07F8H         LINE#         119
  -------         ENDPROC       OS_START
  -------         PROC          _OS_DELAY
  D:0004H         SYMBOL        tasks
  C:0907H         LINE#         128
  C:0907H         LINE#         129
  C:0907H         LINE#         130
  C:0907H         LINE#         132
  C:0919H         LINE#         134
  C:092BH         LINE#         136
  -------         ENDPROC       _OS_DELAY
  -------         PROC          OS_IDLE_TASK
  C:0003H         LINE#         147
  C:0003H         LINE#         148
  C:0003H         LINE#         149
  C:0003H         LINE#         150
  C:0003H         LINE#         152
  -------         ENDPROC       OS_IDLE_TASK
  -------         PROC          TIME_HANDLEHOOK
  -------         DO            
  D:002DH         SYMBOL        ti
  -------         ENDDO         
  C:04EFH         LINE#         162
  C:04EFH         LINE#         163
  C:04EFH         LINE#         164
BL51 BANKED LINKER/LOCATER V6.22.4.0                                                  01/02/2024  13:29:54  PAGE 10


  C:04F2H         LINE#         167
  C:04F4H         LINE#         168
  C:04F4H         LINE#         169
  C:050BH         LINE#         170
  C:050BH         LINE#         171
  C:050BH         LINE#         172
  C:050BH         LINE#         174
  C:053EH         LINE#         175
  C:053EH         LINE#         176
  C:0554H         LINE#         178
  C:0566H         LINE#         179
  C:0568H         LINE#         180
  C:0568H         LINE#         181
  C:05A2H         LINE#         182
  C:05ADH         LINE#         183
  -------         ENDPROC       TIME_HANDLEHOOK
  -------         ENDMOD        OS_TASK

  -------         MODULE        OS_QUEUE
  C:0000H         SYMBOL        _ICE_DUMMY_
  D:0080H         PUBLIC        P0
  D:0090H         PUBLIC        P1
  D:00A0H         PUBLIC        P2
  D:00B0H         PUBLIC        P3
  D:00C0H         PUBLIC        P4
  D:00C8H         PUBLIC        P5
  D:00E8H         PUBLIC        P6
  D:00F8H         PUBLIC        P7
  D:00A8H         PUBLIC        IE
  D:00B8H         PUBLIC        IP
  D:00D8H         PUBLIC        CCON
  D:0098H         PUBLIC        SCON
  D:0088H         PUBLIC        TCON
  C:0876H         PUBLIC        _os_queueCreate
  D:00D0H         PUBLIC        PSW
  -------         PROC          _OS_QUEUECREATE
  D:0008H         SYMBOL        queue_handle
  D:000BH         SYMBOL        buff
  D:000EH         SYMBOL        buff_size
  D:000FH         SYMBOL        itemSize
  -------         DO            
  D:0010H         SYMBOL        ringbuffer
  -------         ENDDO         
  C:0876H         LINE#         15
  C:087CH         LINE#         16
  C:087CH         LINE#         19
  C:0894H         LINE#         21
  C:08A9H         LINE#         23
  C:08ABH         LINE#         24
  -------         ENDPROC       _OS_QUEUECREATE
  -------         ENDMOD        OS_QUEUE

  -------         MODULE        ?C?COPY
  C:00DEH         PUBLIC        ?C?COPY
  -------         ENDMOD        ?C?COPY

  -------         MODULE        ?C?CLDOPTR
BL51 BANKED LINKER/LOCATER V6.22.4.0                                                  01/02/2024  13:29:54  PAGE 11


  C:0104H         PUBLIC        ?C?CLDOPTR
  -------         ENDMOD        ?C?CLDOPTR

  -------         MODULE        ?C?CSTPTR
  C:0131H         PUBLIC        ?C?CSTPTR
  -------         ENDMOD        ?C?CSTPTR

  -------         MODULE        ?C?CSTOPTR
  C:0143H         PUBLIC        ?C?CSTOPTR
  -------         ENDMOD        ?C?CSTOPTR

  -------         MODULE        ?C?ULCMP
  C:0165H         PUBLIC        ?C?ULCMP
  -------         ENDMOD        ?C?ULCMP

  -------         MODULE        ?C?LSTXDATA
  C:0176H         PUBLIC        ?C?LSTXDATA
  -------         ENDMOD        ?C?LSTXDATA

  -------         MODULE        ?C?LSTKXDATA
  C:0182H         PUBLIC        ?C?LSTKXDATA
  -------         ENDMOD        ?C?LSTKXDATA

  -------         MODULE        ?C?OFFXADD
  C:01B3H         PUBLIC        ?C?OFFXADD
  -------         ENDMOD        ?C?OFFXADD

  -------         MODULE        ?C?PLDPTR
  C:01BFH         PUBLIC        ?C?PLDPTR
  -------         ENDMOD        ?C?PLDPTR

  -------         MODULE        ?C?PSTPTR
  C:01DFH         PUBLIC        ?C?PSTPTR
  -------         ENDMOD        ?C?PSTPTR

  -------         MODULE        ?C?PLDOPTR
  C:022EH         PUBLIC        ?C?PLDOPTR
  -------         ENDMOD        ?C?PLDOPTR

  -------         MODULE        ?C?PSTOPTR
  C:025EH         PUBLIC        ?C?PSTOPTR
  -------         ENDMOD        ?C?PSTOPTR

  -------         MODULE        ?C?PLDIDATA
  C:02B7H         PUBLIC        ?C?PLDIDATA
  -------         ENDMOD        ?C?PLDIDATA

  -------         MODULE        ?C?PSTIDATA
  C:02C0H         PUBLIC        ?C?PSTIDATA
  -------         ENDMOD        ?C?PSTIDATA

  -------         MODULE        ?C?PLDXDATA
  C:02C9H         PUBLIC        ?C?PLDXDATA
  -------         ENDMOD        ?C?PLDXDATA

  -------         MODULE        ?C?PSTXDATA
  C:02D2H         PUBLIC        ?C?PSTXDATA
BL51 BANKED LINKER/LOCATER V6.22.4.0                                                  01/02/2024  13:29:54  PAGE 12


  -------         ENDMOD        ?C?PSTXDATA

  -------         MODULE        ?C?PLDPDATA
  C:02DBH         PUBLIC        ?C?PLDPDATA
  -------         ENDMOD        ?C?PLDPDATA

  -------         MODULE        ?C?PSTPDATA
  C:02E4H         PUBLIC        ?C?PSTPDATA
  -------         ENDMOD        ?C?PSTPDATA

  -------         MODULE        ?C?PLDCODE
  C:02EDH         PUBLIC        ?C?PLDCODE
  -------         ENDMOD        ?C?PLDCODE

*** WARNING L16: UNCALLED SEGMENT, IGNORED FOR OVERLAY PROCESS
    SEGMENT: ?PR?_RINGBUFFER_WRITE?RINGBUFFER

*** WARNING L16: UNCALLED SEGMENT, IGNORED FOR OVERLAY PROCESS
    SEGMENT: ?PR?_RINGBUFFER_READ?RINGBUFFER

*** WARNING L16: UNCALLED SEGMENT, IGNORED FOR OVERLAY PROCESS
    SEGMENT: ?PR?TEST?OS_CPU_A_ASM

*** WARNING L16: UNCALLED SEGMENT, IGNORED FOR OVERLAY PROCESS
    SEGMENT: ?PR?_OS_QUEUECREATE?OS_QUEUE

Program Size: data=79.0 xdata=110 code=2434
LINK/LOCATE RUN COMPLETE.  4 WARNING(S),  0 ERROR(S)
