BL51 BANKED LINKER/LOCATER V6.22.4.0                                                    12/30/2023  11:20:45  PAGE 1


BL51 BANKED LINKER/LOCATER V6.22.4.0, INVOKED BY:
C:\KEIL_V5\C51\BIN\BL51.EXE .\Objects\STARTUP.obj, .\Objects\main.obj, .\Objects\os_task.obj, .\Objects\os_mcu.obj, .\Ob
>> jects\os_queue.obj TO .\Objects\ºôÎüµÆpwm PRINT (.\Listings\ºôÎüµÆpwm.m51) RAMSIZE (256)


MEMORY MODEL: SMALL


INPUT MODULES INCLUDED:
  .\Objects\STARTUP.obj (?C_STARTUP)
  .\Objects\main.obj (MAIN)
  .\Objects\os_task.obj (OS_TASK)
  .\Objects\os_mcu.obj (OS_CPU_A_ASM)
  .\Objects\os_queue.obj (OS_QUEUE)
  C:\KEIL_V5\C51\LIB\C51S.LIB (?C_INIT)
  C:\KEIL_V5\C51\LIB\C51S.LIB (?C?COPY)
  C:\KEIL_V5\C51\LIB\C51S.LIB (?C?CLDPTR)
  C:\KEIL_V5\C51\LIB\C51S.LIB (?C?CLDOPTR)
  C:\KEIL_V5\C51\LIB\C51S.LIB (?C?CSTPTR)
  C:\KEIL_V5\C51\LIB\C51S.LIB (?C?CSTOPTR)
  C:\KEIL_V5\C51\LIB\C51S.LIB (?C?ULCMP)
  C:\KEIL_V5\C51\LIB\C51S.LIB (?C?LSTXDATA)
  C:\KEIL_V5\C51\LIB\C51S.LIB (?C?LSTKXDATA)
  C:\KEIL_V5\C51\LIB\C51S.LIB (?C?OFFXADD)
  C:\KEIL_V5\C51\LIB\C51S.LIB (?C?PLDPTR)
  C:\KEIL_V5\C51\LIB\C51S.LIB (?C?PSTPTR)
  C:\KEIL_V5\C51\LIB\C51S.LIB (?C?PLDOPTR)
  C:\KEIL_V5\C51\LIB\C51S.LIB (?C?PSTOPTR)
  C:\KEIL_V5\C51\LIB\C51S.LIB (?C?PLDIDATA)
  C:\KEIL_V5\C51\LIB\C51S.LIB (?C?PSTIDATA)
  C:\KEIL_V5\C51\LIB\C51S.LIB (?C?PLDXDATA)
  C:\KEIL_V5\C51\LIB\C51S.LIB (?C?PSTXDATA)
  C:\KEIL_V5\C51\LIB\C51S.LIB (?C?PLDPDATA)
  C:\KEIL_V5\C51\LIB\C51S.LIB (?C?PSTPDATA)
  C:\KEIL_V5\C51\LIB\C51S.LIB (?C?PLDCODE)


LINK MAP OF MODULE:  .\Objects\ºôÎüµÆpwm (?C_STARTUP)


            TYPE    BASE      LENGTH    RELOCATION   SEGMENT NAME
            -----------------------------------------------------

            * * * * * * *   D A T A   M E M O R Y   * * * * * * *
            REG     0000H     0008H     ABSOLUTE     "REG BANK 0"
            DATA    0008H     000BH     UNIT         _DATA_GROUP_
            DATA    0013H     0002H     UNIT         ?DT?MAIN
            DATA    0015H     0002H     UNIT         ?DT?OS_TASK
            IDATA   0017H     0014H     UNIT         ?ID?OS_TASK
            IDATA   002BH     0001H     UNIT         ?STACK

            * * * * * * *  X D A T A   M E M O R Y  * * * * * * *
            XDATA   0000H     0046H     UNIT         ?XD?OS_TASK
            XDATA   0046H     0036H     UNIT         ?XD?MAIN

            * * * * * * *   C O D E   M E M O R Y   * * * * * * *
            CODE    0000H     0003H     ABSOLUTE     
            CODE    0003H     0002H     UNIT         ?PR?OS_IDLE_TASK?OS_TASK
BL51 BANKED LINKER/LOCATER V6.22.4.0                                                  12/30/2023  11:20:45  PAGE 2


            CODE    0005H     0001H     UNIT         ?PR?TEST?OS_CPU_A_ASM
                    0006H     0005H                  *** GAP ***
            CODE    000BH     0003H     ABSOLUTE     
            CODE    000EH     0304H     UNIT         ?C?LIB_CODE
            CODE    0312H     0147H     UNIT         ?PR?MAIN?MAIN
            CODE    0459H     0105H     UNIT         ?PR?_QUEUE_READ?OS_QUEUE
            CODE    055EH     00C5H     UNIT         ?PR?TIME_HANDLEHOOK?OS_TASK
            CODE    0623H     009DH     UNIT         ?PR?OS_SWITCH?OS_TASK
            CODE    06C0H     008CH     UNIT         ?C_C51STARTUP
            CODE    074CH     008AH     UNIT         ?PR?_OS_TASK_CREATE?OS_TASK
            CODE    07D6H     0088H     UNIT         ?PR?_QUEUE_WRITE?OS_QUEUE
            CODE    085EH     0056H     UNIT         ?PR?OS_START?OS_TASK
            CODE    08B4H     0043H     UNIT         ?PR?_QUEUE_CREATED?OS_QUEUE
            CODE    08F7H     003CH     UNIT         ?PR?TIMER0_ISR?OS_CPU_A_ASM
            CODE    0933H     0032H     UNIT         ?PR?TASK2?MAIN
            CODE    0965H     0029H     UNIT         ?PR?TASK1?MAIN
            CODE    098EH     0027H     UNIT         ?PR?_OS_DELAY?OS_TASK
            CODE    09B5H     001AH     UNIT         ?PR?_?TIME0_HANDLE?MAIN
            CODE    09CFH     0013H     UNIT         ?PR?TIMER0_INIT?MAIN
            CODE    09E2H     000BH     UNIT         ?C_INITSEG



OVERLAY MAP OF MODULE:   .\Objects\ºôÎüµÆpwm (?C_STARTUP)


SEGMENT                               DATA_GROUP 
  +--> CALLED SEGMENT               START    LENGTH
---------------------------------------------------
?C_C51STARTUP                       -----    -----
  +--> ?PR?MAIN?MAIN
  +--> ?C_INITSEG

?PR?MAIN?MAIN                       0008H    0001H
  +--> ?PR?_QUEUE_CREATED?OS_QUEUE
  +--> ?PR?_QUEUE_WRITE?OS_QUEUE
  +--> ?PR?_QUEUE_READ?OS_QUEUE
  +--> ?PR?TIMER0_INIT?MAIN
  +--> ?PR?TASK1?MAIN
  +--> ?PR?_OS_TASK_CREATE?OS_TASK
  +--> ?PR?TASK2?MAIN
  +--> ?PR?OS_START?OS_TASK

?PR?_QUEUE_CREATED?OS_QUEUE         0009H    0003H

?PR?_QUEUE_WRITE?OS_QUEUE           0009H    0006H

?PR?_QUEUE_READ?OS_QUEUE            0009H    0009H

?PR?TASK1?MAIN                      -----    -----
  +--> ?PR?_OS_DELAY?OS_TASK

?PR?_OS_DELAY?OS_TASK               -----    -----
  +--> ?PR?OS_SWITCH?OS_TASK

?PR?_OS_TASK_CREATE?OS_TASK         0009H    0008H

BL51 BANKED LINKER/LOCATER V6.22.4.0                                                  12/30/2023  11:20:45  PAGE 3


?PR?TASK2?MAIN                      -----    -----
  +--> ?PR?_OS_DELAY?OS_TASK

?PR?OS_START?OS_TASK                -----    -----
  +--> ?PR?OS_IDLE_TASK?OS_TASK
  +--> ?PR?_OS_TASK_CREATE?OS_TASK

*** NEW ROOT ***************************************************

?PR?TIMER0_ISR?OS_CPU_A_ASM         -----    -----
  +--> ?PR?_?TIME0_HANDLE?MAIN

?PR?_?TIME0_HANDLE?MAIN             -----    -----
  +--> ?PR?TIME_HANDLEHOOK?OS_TASK

?PR?TIME_HANDLEHOOK?OS_TASK         0012H    0001H
  +--> ?PR?OS_SWITCH?OS_TASK



SYMBOL TABLE OF MODULE:  .\Objects\ºôÎüµÆpwm (?C_STARTUP)

  VALUE           TYPE          NAME
  ----------------------------------

  -------         MODULE        ?C_STARTUP
  C:06C0H         SEGMENT       ?C_C51STARTUP
  I:002BH         SEGMENT       ?STACK
  C:0000H         PUBLIC        ?C_STARTUP
  D:00E0H         SYMBOL        ACC
  D:00F0H         SYMBOL        B
  D:0083H         SYMBOL        DPH
  D:0082H         SYMBOL        DPL
  N:0000H         SYMBOL        IBPSTACK
  N:0100H         SYMBOL        IBPSTACKTOP
  N:0080H         SYMBOL        IDATALEN
  C:06C3H         SYMBOL        IDATALOOP
  N:0000H         SYMBOL        PBPSTACK
  N:0100H         SYMBOL        PBPSTACKTOP
  N:0000H         SYMBOL        PDATALEN
  N:0000H         SYMBOL        PDATASTART
  N:0000H         SYMBOL        PPAGE
  N:0000H         SYMBOL        PPAGEENABLE
  D:00A0H         SYMBOL        PPAGE_SFR
  D:0081H         SYMBOL        SP
  C:06C0H         SYMBOL        STARTUP1
  N:0000H         SYMBOL        XBPSTACK
  N:0000H         SYMBOL        XBPSTACKTOP
  N:0000H         SYMBOL        XDATALEN
  N:0000H         SYMBOL        XDATASTART
  C:0000H         LINE#         126
  C:06C0H         LINE#         133
  C:06C2H         LINE#         134
  C:06C3H         LINE#         135
  C:06C4H         LINE#         136
  C:06C6H         LINE#         185
  C:06C9H         LINE#         196
BL51 BANKED LINKER/LOCATER V6.22.4.0                                                  12/30/2023  11:20:45  PAGE 4


  -------         ENDMOD        ?C_STARTUP

  -------         MODULE        MAIN
  C:0000H         SYMBOL        _ICE_DUMMY_
  D:0093H         PUBLIC        P0M1
  D:0080H         PUBLIC        P0
  D:0090H         PUBLIC        P1
  D:00A0H         PUBLIC        P2
  D:00B0H         PUBLIC        P3
  D:00C0H         PUBLIC        P4
  D:00C8H         PUBLIC        P5
  D:00E8H         PUBLIC        P6
  B:00A8H.7       PUBLIC        EA
  D:00F8H         PUBLIC        P7
  B:0080H.5       PUBLIC        LED_R
  D:00BAH         PUBLIC        P_SW2
  D:00A8H         PUBLIC        IE
  B:0080H.6       PUBLIC        LED_Y
  D:00B8H         PUBLIC        IP
  D:00D8H         PUBLIC        CCON
  C:0312H         PUBLIC        main
  C:09CFH         PUBLIC        Timer0_Init
  C:09B5H         PUBLIC        _?time0_handle
  D:0098H         PUBLIC        SCON
  D:0089H         PUBLIC        TMOD
  D:0088H         PUBLIC        TCON
  X:0046H         PUBLIC        queue_1
  D:008EH         PUBLIC        AUXR
  B:00A8H.1       PUBLIC        ET0
  B:0088H.5       PUBLIC        TF0
  D:008CH         PUBLIC        TH0
  D:0013H         PUBLIC        cut
  D:008AH         PUBLIC        TL0
  B:0088H.4       PUBLIC        TR0
  X:0054H         PUBLIC        task_stack1
  X:0068H         PUBLIC        task_stack2
  C:0965H         PUBLIC        task1
  C:0933H         PUBLIC        task2
  D:00D0H         PUBLIC        PSW
  B:0080H.7       PUBLIC        LED_G
  D:0094H         PUBLIC        P0M0
  -------         PROC          TASK1
  C:0965H         LINE#         29
  C:0965H         LINE#         30
  C:0965H         LINE#         31
  C:0965H         LINE#         32
  C:0965H         LINE#         33
  C:0967H         LINE#         34
  C:0972H         LINE#         36
  C:0974H         LINE#         37
  C:097FH         LINE#         39
  C:0981H         LINE#         40
  C:098CH         LINE#         42
  -------         ENDPROC       TASK1
  -------         PROC          TASK2
  C:0933H         LINE#         45
  C:0933H         LINE#         46
BL51 BANKED LINKER/LOCATER V6.22.4.0                                                  12/30/2023  11:20:45  PAGE 5


  C:0933H         LINE#         48
  C:0933H         LINE#         49
  C:0933H         LINE#         50
  C:0935H         LINE#         51
  C:0940H         LINE#         52
  C:094BH         LINE#         54
  C:094DH         LINE#         55
  C:0958H         LINE#         56
  C:0963H         LINE#         58
  -------         ENDPROC       TASK2
  -------         PROC          TIMER0_INIT
  C:09CFH         LINE#         63
  C:09CFH         LINE#         64
  C:09CFH         LINE#         65
  C:09D2H         LINE#         66
  C:09D5H         LINE#         67
  C:09D8H         LINE#         68
  C:09DBH         LINE#         69
  C:09DDH         LINE#         70
  C:09DFH         LINE#         71
  C:09E1H         LINE#         72
  -------         ENDPROC       TIMER0_INIT
  -------         PROC          _?TIME0_HANDLE
  C:09B5H         LINE#         77
  C:09B5H         LINE#         80
  C:09BDH         LINE#         82
  C:09C5H         LINE#         83
  C:09C5H         LINE#         84
  C:09CAH         LINE#         85
  C:09CCH         LINE#         86
  C:09CCH         LINE#         87
  -------         ENDPROC       _?TIME0_HANDLE
  -------         PROC          MAIN
  -------         DO            
  D:0008H         SYMBOL        test_data
  -------         ENDDO         
  C:0312H         LINE#         96
  C:0312H         LINE#         97
  C:0312H         LINE#         98
  C:0315H         LINE#         101
  C:031EH         LINE#         103
  C:0329H         LINE#         104
  C:0334H         LINE#         105
  C:033FH         LINE#         106
  C:034AH         LINE#         107
  C:0355H         LINE#         111
  C:0360H         LINE#         112
  C:036BH         LINE#         116
  C:037DH         LINE#         117
  C:038FH         LINE#         118
  C:03A1H         LINE#         119
  C:03B3H         LINE#         120
  C:03C5H         LINE#         121
  C:03D7H         LINE#         125
  C:03E9H         LINE#         127
  C:03FBH         LINE#         133
  C:0406H         LINE#         135
BL51 BANKED LINKER/LOCATER V6.22.4.0                                                  12/30/2023  11:20:45  PAGE 6


  C:0418H         LINE#         139
  C:041BH         LINE#         140
  C:041DH         LINE#         141
  C:0420H         LINE#         142
  C:0422H         LINE#         143
  C:0425H         LINE#         145
  C:043CH         LINE#         146
  C:0454H         LINE#         147
  C:0457H         LINE#         150
  C:0457H         LINE#         151
  C:0457H         LINE#         153
  -------         ENDPROC       MAIN
  -------         ENDMOD        MAIN

  -------         MODULE        OS_TASK
  C:0000H         SYMBOL        _ICE_DUMMY_
  D:0080H         PUBLIC        P0
  D:0090H         PUBLIC        P1
  D:00A0H         PUBLIC        P2
  D:00B0H         PUBLIC        P3
  D:00C0H         PUBLIC        P4
  D:00C8H         PUBLIC        P5
  D:00E8H         PUBLIC        P6
  B:00A8H.7       PUBLIC        EA
  D:00F8H         PUBLIC        P7
  D:00A8H         PUBLIC        IE
  C:055EH         PUBLIC        time_handleHook
  D:00B8H         PUBLIC        IP
  D:0081H         PUBLIC        SP
  D:00D8H         PUBLIC        CCON
  X:0000H         PUBLIC        task_idle_stack
  D:0098H         PUBLIC        SCON
  D:0088H         PUBLIC        TCON
  C:074CH         PUBLIC        _os_task_create
  C:098EH         PUBLIC        _os_delay
  X:0014H         PUBLIC        tcb_list
  C:0623H         PUBLIC        os_switch
  D:0015H         PUBLIC        max_task
  D:0016H         PUBLIC        task_id
  C:085EH         PUBLIC        os_start
  C:0003H         PUBLIC        os_idle_task
  D:00D0H         PUBLIC        PSW
  I:0017H         SYMBOL        public_stack
  -------         PROC          OS_SWITCH
  -------         DO            
  D:0007H         SYMBOL        ost_i
  -------         ENDDO         
  C:0623H         LINE#         28
  C:0623H         LINE#         29
  C:0623H         LINE#         31
  C:0624H         LINE#         35
  C:064CH         LINE#         38
  C:0662H         LINE#         40
  C:066AH         LINE#         41
  C:066AH         LINE#         42
  C:067CH         LINE#         43
  C:067CH         LINE#         44
BL51 BANKED LINKER/LOCATER V6.22.4.0                                                  12/30/2023  11:20:45  PAGE 7


  C:067EH         LINE#         45
  C:067EH         LINE#         47
  C:067EH         LINE#         48
  C:0681H         LINE#         49
  C:0686H         LINE#         50
  C:0686H         LINE#         51
  C:0689H         LINE#         52
  C:0689H         LINE#         54
  C:069CH         LINE#         57
  -------         ENDPROC       OS_SWITCH
  -------         PROC          _OS_TASK_CREATE
  D:0009H         SYMBOL        task
  D:000CH         SYMBOL        t_stack
  D:000FH         SYMBOL        tid
  C:074CH         LINE#         73
  C:0752H         LINE#         74
  C:0752H         LINE#         75
  C:0765H         LINE#         76
  C:0765H         LINE#         78
  C:0765H         LINE#         79
  C:0771H         LINE#         80
  C:077FH         LINE#         82
  C:079BH         LINE#         83
  C:07B3H         LINE#         85
  C:07D3H         LINE#         88
  C:07D5H         LINE#         89
  -------         ENDPROC       _OS_TASK_CREATE
  -------         PROC          OS_START
  C:085EH         LINE#         97
  C:085EH         LINE#         98
  C:085EH         LINE#         99
  C:0860H         LINE#         101
  C:0877H         LINE#         104
  C:087AH         LINE#         106
  C:089EH         LINE#         108
  C:08B1H         LINE#         111
  C:08B3H         LINE#         113
  -------         ENDPROC       OS_START
  -------         PROC          _OS_DELAY
  D:0004H         SYMBOL        tasks
  C:098EH         LINE#         122
  C:098EH         LINE#         123
  C:098EH         LINE#         124
  C:098EH         LINE#         126
  C:09A0H         LINE#         128
  C:09B2H         LINE#         130
  -------         ENDPROC       _OS_DELAY
  -------         PROC          OS_IDLE_TASK
  C:0003H         LINE#         141
  C:0003H         LINE#         142
  C:0003H         LINE#         143
  -------         ENDPROC       OS_IDLE_TASK
  -------         PROC          TIME_HANDLEHOOK
  -------         DO            
  D:0012H         SYMBOL        ti
  -------         ENDDO         
  C:055EH         LINE#         153
BL51 BANKED LINKER/LOCATER V6.22.4.0                                                  12/30/2023  11:20:45  PAGE 8


  C:055EH         LINE#         154
  C:055EH         LINE#         155
  C:0561H         LINE#         158
  C:056DH         LINE#         159
  C:056DH         LINE#         160
  C:0584H         LINE#         161
  C:0584H         LINE#         162
  C:0584H         LINE#         163
  C:0584H         LINE#         165
  C:05B7H         LINE#         166
  C:05B7H         LINE#         167
  C:05CDH         LINE#         169
  C:05DFH         LINE#         170
  C:05E1H         LINE#         171
  C:05E1H         LINE#         172
  C:061BH         LINE#         173
  C:0620H         LINE#         174
  -------         ENDPROC       TIME_HANDLEHOOK
  -------         ENDMOD        OS_TASK

  -------         MODULE        OS_CPU_A_ASM
  C:0005H         SEGMENT       ?PR?TEST?OS_CPU_A_ASM
  C:08F7H         SEGMENT       ?PR?TIMER0_ISR?OS_CPU_A_ASM
  C:0005H         PUBLIC        TEST
  D:00E0H         SYMBOL        ACC
  D:00F0H         SYMBOL        B
  D:0083H         SYMBOL        DPH
  D:0082H         SYMBOL        DPL
  B:00A8H.7       SYMBOL        EA
  N:0000H         SYMBOL        OS_CPU_A_ASM
  D:00D0H         SYMBOL        PSW
  C:08F7H         SYMBOL        TIMER0_ISR
  C:0005H         LINE#         75
  C:08F7H         LINE#         83
  C:08F9H         LINE#         84
  C:08FBH         LINE#         84
  C:08FDH         LINE#         84
  C:08FFH         LINE#         84
  C:0901H         LINE#         84
  C:0903H         LINE#         84
  C:0905H         LINE#         84
  C:0907H         LINE#         84
  C:0909H         LINE#         84
  C:090BH         LINE#         84
  C:090DH         LINE#         84
  C:090FH         LINE#         84
  C:0911H         LINE#         84
  C:0913H         LINE#         86
  C:0916H         LINE#         88
  C:0918H         LINE#         88
  C:091AH         LINE#         88
  C:091CH         LINE#         88
  C:091EH         LINE#         88
  C:0920H         LINE#         88
  C:0922H         LINE#         88
  C:0924H         LINE#         88
  C:0926H         LINE#         88
BL51 BANKED LINKER/LOCATER V6.22.4.0                                                  12/30/2023  11:20:45  PAGE 9


  C:0928H         LINE#         88
  C:092AH         LINE#         88
  C:092CH         LINE#         88
  C:092EH         LINE#         88
  C:0930H         LINE#         89
  C:0932H         LINE#         91
  C:000BH         LINE#         96
  -------         ENDMOD        OS_CPU_A_ASM

  -------         MODULE        OS_QUEUE
  C:0000H         SYMBOL        _ICE_DUMMY_
  D:0080H         PUBLIC        P0
  D:0090H         PUBLIC        P1
  D:00A0H         PUBLIC        P2
  D:00B0H         PUBLIC        P3
  D:00C0H         PUBLIC        P4
  D:00C8H         PUBLIC        P5
  D:00E8H         PUBLIC        P6
  D:00F8H         PUBLIC        P7
  D:00A8H         PUBLIC        IE
  D:00B8H         PUBLIC        IP
  D:00D8H         PUBLIC        CCON
  C:0459H         PUBLIC        _queue_read
  D:0098H         PUBLIC        SCON
  D:0088H         PUBLIC        TCON
  C:07D6H         PUBLIC        _queue_write
  C:08B4H         PUBLIC        _queue_created
  D:00D0H         PUBLIC        PSW
  -------         PROC          _QUEUE_CREATED
  D:0009H         SYMBOL        queue
  C:08B4H         LINE#         7
  C:08BAH         LINE#         8
  C:08BAH         LINE#         10
  C:08CEH         LINE#         11
  C:08E9H         LINE#         12
  -------         ENDPROC       _QUEUE_CREATED
  -------         PROC          _QUEUE_WRITE
  D:0009H         SYMBOL        queue
  D:0005H         SYMBOL        _data
  -------         DO            
  D:000CH         SYMBOL        next_w
  -------         ENDDO         
  C:07D6H         LINE#         17
  C:07DCH         LINE#         18
  C:07EEH         LINE#         21
  C:080CH         LINE#         22
  C:080CH         LINE#         24
  C:080CH         LINE#         26
  C:0837H         LINE#         27
  C:0837H         LINE#         30
  C:0837H         LINE#         33
  C:0845H         LINE#         34
  C:085DH         LINE#         37
  -------         ENDPROC       _QUEUE_WRITE
  -------         PROC          _QUEUE_READ
  D:0009H         SYMBOL        queue
  D:000CH         SYMBOL        _data
BL51 BANKED LINKER/LOCATER V6.22.4.0                                                  12/30/2023  11:20:45  PAGE 10


  -------         DO            
  D:000FH         SYMBOL        next_r
  -------         ENDDO         
  C:0459H         LINE#         39
  C:045FH         LINE#         40
  C:045FH         LINE#         41
  C:046EH         LINE#         45
  C:04BCH         LINE#         46
  C:04BCH         LINE#         48
  C:04D1H         LINE#         51
  C:04E9H         LINE#         52
  C:0505H         LINE#         55
  C:0505H         LINE#         58
  C:0533H         LINE#         59
  C:0533H         LINE#         61
  C:0533H         LINE#         63
  C:0548H         LINE#         64
  C:055DH         LINE#         72
  -------         ENDPROC       _QUEUE_READ
  -------         ENDMOD        OS_QUEUE

  -------         MODULE        ?C?COPY
  C:00DEH         PUBLIC        ?C?COPY
  -------         ENDMOD        ?C?COPY

  -------         MODULE        ?C?CLDPTR
  C:0104H         PUBLIC        ?C?CLDPTR
  -------         ENDMOD        ?C?CLDPTR

  -------         MODULE        ?C?CLDOPTR
  C:011DH         PUBLIC        ?C?CLDOPTR
  -------         ENDMOD        ?C?CLDOPTR

  -------         MODULE        ?C?CSTPTR
  C:014AH         PUBLIC        ?C?CSTPTR
  -------         ENDMOD        ?C?CSTPTR

  -------         MODULE        ?C?CSTOPTR
  C:015CH         PUBLIC        ?C?CSTOPTR
  -------         ENDMOD        ?C?CSTOPTR

  -------         MODULE        ?C?ULCMP
  C:017EH         PUBLIC        ?C?ULCMP
  -------         ENDMOD        ?C?ULCMP

  -------         MODULE        ?C?LSTXDATA
  C:018FH         PUBLIC        ?C?LSTXDATA
  -------         ENDMOD        ?C?LSTXDATA

  -------         MODULE        ?C?LSTKXDATA
  C:019BH         PUBLIC        ?C?LSTKXDATA
  -------         ENDMOD        ?C?LSTKXDATA

  -------         MODULE        ?C?OFFXADD
  C:01CCH         PUBLIC        ?C?OFFXADD
  -------         ENDMOD        ?C?OFFXADD

BL51 BANKED LINKER/LOCATER V6.22.4.0                                                  12/30/2023  11:20:45  PAGE 11


  -------         MODULE        ?C?PLDPTR
  C:01D8H         PUBLIC        ?C?PLDPTR
  -------         ENDMOD        ?C?PLDPTR

  -------         MODULE        ?C?PSTPTR
  C:01F8H         PUBLIC        ?C?PSTPTR
  -------         ENDMOD        ?C?PSTPTR

  -------         MODULE        ?C?PLDOPTR
  C:0247H         PUBLIC        ?C?PLDOPTR
  -------         ENDMOD        ?C?PLDOPTR

  -------         MODULE        ?C?PSTOPTR
  C:0277H         PUBLIC        ?C?PSTOPTR
  -------         ENDMOD        ?C?PSTOPTR

  -------         MODULE        ?C?PLDIDATA
  C:02D0H         PUBLIC        ?C?PLDIDATA
  -------         ENDMOD        ?C?PLDIDATA

  -------         MODULE        ?C?PSTIDATA
  C:02D9H         PUBLIC        ?C?PSTIDATA
  -------         ENDMOD        ?C?PSTIDATA

  -------         MODULE        ?C?PLDXDATA
  C:02E2H         PUBLIC        ?C?PLDXDATA
  -------         ENDMOD        ?C?PLDXDATA

  -------         MODULE        ?C?PSTXDATA
  C:02EBH         PUBLIC        ?C?PSTXDATA
  -------         ENDMOD        ?C?PSTXDATA

  -------         MODULE        ?C?PLDPDATA
  C:02F4H         PUBLIC        ?C?PLDPDATA
  -------         ENDMOD        ?C?PLDPDATA

  -------         MODULE        ?C?PSTPDATA
  C:02FDH         PUBLIC        ?C?PSTPDATA
  -------         ENDMOD        ?C?PSTPDATA

  -------         MODULE        ?C?PLDCODE
  C:0306H         PUBLIC        ?C?PLDCODE
  -------         ENDMOD        ?C?PLDCODE

*** WARNING L16: UNCALLED SEGMENT, IGNORED FOR OVERLAY PROCESS
    SEGMENT: ?PR?TEST?OS_CPU_A_ASM

Program Size: data=44.0 xdata=124 code=2536
LINK/LOCATE RUN COMPLETE.  1 WARNING(S),  0 ERROR(S)
