BL51 BANKED LINKER/LOCATER V6.22.4.0                                                    12/28/2023  15:30:58  PAGE 1


BL51 BANKED LINKER/LOCATER V6.22.4.0, INVOKED BY:
C:\KEIL_V5\C51\BIN\BL51.EXE .\Objects\STARTUP.obj, .\Objects\main.obj, .\Objects\os_task.obj, .\Objects\os_mcu.obj TO .\
>> Objects\ºôÎüµÆpwm PRINT (.\Listings\ºôÎüµÆpwm.m51) RAMSIZE (256)


MEMORY MODEL: SMALL


INPUT MODULES INCLUDED:
  .\Objects\STARTUP.obj (?C_STARTUP)
  .\Objects\main.obj (MAIN)
  .\Objects\os_task.obj (OS_TASK)
  .\Objects\os_mcu.obj (OS_CPU_A_ASM)
  C:\KEIL_V5\C51\LIB\C51S.LIB (?C_INIT)
  C:\KEIL_V5\C51\LIB\C51S.LIB (?C?CSTPTR)
  C:\KEIL_V5\C51\LIB\C51S.LIB (?C?CSTOPTR)
  C:\KEIL_V5\C51\LIB\C51S.LIB (?C?ULCMP)
  C:\KEIL_V5\C51\LIB\C51S.LIB (?C?LLDIDATA)
  C:\KEIL_V5\C51\LIB\C51S.LIB (?C?LSTIDATA)
  C:\KEIL_V5\C51\LIB\C51S.LIB (?C?LSTKIDATA)


LINK MAP OF MODULE:  .\Objects\ºôÎüµÆpwm (?C_STARTUP)


            TYPE    BASE      LENGTH    RELOCATION   SEGMENT NAME
            -----------------------------------------------------

            * * * * * * *   D A T A   M E M O R Y   * * * * * * *
            REG     0000H     0008H     ABSOLUTE     "REG BANK 0"
            DATA    0008H     0009H     UNIT         _DATA_GROUP_
            DATA    0011H     0002H     UNIT         ?DT?MAIN
            DATA    0013H     0002H     UNIT         ?DT?OS_TASK
            IDATA   0015H     0064H     UNIT         ?ID?MAIN
            IDATA   0079H     005FH     UNIT         ?ID?OS_TASK
            IDATA   00D8H     0001H     UNIT         ?STACK

            * * * * * * *   C O D E   M E M O R Y   * * * * * * *
            CODE    0000H     0003H     ABSOLUTE     
            CODE    0003H     0002H     UNIT         ?PR?OS_IDLE_TASK?OS_TASK
                    0005H     0006H                  *** GAP ***
            CODE    000BH     0003H     ABSOLUTE     
            CODE    000EH     0091H     UNIT         ?PR?TIME_HANDLEHOOK?OS_TASK
            CODE    009FH     008CH     UNIT         ?C_C51STARTUP
            CODE    012BH     0076H     UNIT         ?C?LIB_CODE
            CODE    01A1H     0053H     UNIT         ?PR?_OS_TASK_CREATE?OS_TASK
            CODE    01F4H     0040H     UNIT         ?PR?MAIN?MAIN
            CODE    0234H     003CH     UNIT         ?PR?TIMER0_ISR?OS_CPU_A_ASM
            CODE    0270H     0039H     UNIT         ?PR?OS_SWITCH?OS_TASK
            CODE    02A9H     0032H     UNIT         ?PR?TASK2?MAIN
            CODE    02DBH     002BH     UNIT         ?PR?OS_START?OS_TASK
            CODE    0306H     0029H     UNIT         ?PR?TASK1?MAIN
            CODE    032FH     001AH     UNIT         ?PR?_?TIME0_HANDLE?MAIN
            CODE    0349H     001AH     UNIT         ?PR?_OS_DELAY?OS_TASK
            CODE    0363H     0013H     UNIT         ?PR?TIMER0_INIT?MAIN
            CODE    0376H     000BH     UNIT         ?C_INITSEG


BL51 BANKED LINKER/LOCATER V6.22.4.0                                                  12/28/2023  15:30:58  PAGE 2



OVERLAY MAP OF MODULE:   .\Objects\ºôÎüµÆpwm (?C_STARTUP)


SEGMENT                               DATA_GROUP 
  +--> CALLED SEGMENT               START    LENGTH
---------------------------------------------------
?C_C51STARTUP                       -----    -----
  +--> ?PR?MAIN?MAIN
  +--> ?C_INITSEG

?PR?MAIN?MAIN                       -----    -----
  +--> ?PR?TIMER0_INIT?MAIN
  +--> ?PR?TASK1?MAIN
  +--> ?PR?_OS_TASK_CREATE?OS_TASK
  +--> ?PR?TASK2?MAIN
  +--> ?PR?OS_START?OS_TASK

?PR?TASK1?MAIN                      -----    -----
  +--> ?PR?_OS_DELAY?OS_TASK

?PR?_OS_DELAY?OS_TASK               -----    -----
  +--> ?PR?OS_SWITCH?OS_TASK

?PR?_OS_TASK_CREATE?OS_TASK         0008H    0008H

?PR?TASK2?MAIN                      -----    -----
  +--> ?PR?_OS_DELAY?OS_TASK

?PR?OS_START?OS_TASK                -----    -----
  +--> ?PR?OS_IDLE_TASK?OS_TASK
  +--> ?PR?_OS_TASK_CREATE?OS_TASK

*** NEW ROOT ***************************************************

?PR?TIMER0_ISR?OS_CPU_A_ASM         -----    -----
  +--> ?PR?_?TIME0_HANDLE?MAIN

?PR?_?TIME0_HANDLE?MAIN             -----    -----
  +--> ?PR?TIME_HANDLEHOOK?OS_TASK

?PR?TIME_HANDLEHOOK?OS_TASK         0010H    0001H
  +--> ?PR?OS_SWITCH?OS_TASK



SYMBOL TABLE OF MODULE:  .\Objects\ºôÎüµÆpwm (?C_STARTUP)

  VALUE           TYPE          NAME
  ----------------------------------

  -------         MODULE        ?C_STARTUP
  C:009FH         SEGMENT       ?C_C51STARTUP
  I:00D8H         SEGMENT       ?STACK
  C:0000H         PUBLIC        ?C_STARTUP
  D:00E0H         SYMBOL        ACC
  D:00F0H         SYMBOL        B
BL51 BANKED LINKER/LOCATER V6.22.4.0                                                  12/28/2023  15:30:58  PAGE 3


  D:0083H         SYMBOL        DPH
  D:0082H         SYMBOL        DPL
  N:0000H         SYMBOL        IBPSTACK
  N:0100H         SYMBOL        IBPSTACKTOP
  N:0080H         SYMBOL        IDATALEN
  C:00A2H         SYMBOL        IDATALOOP
  N:0000H         SYMBOL        PBPSTACK
  N:0100H         SYMBOL        PBPSTACKTOP
  N:0000H         SYMBOL        PDATALEN
  N:0000H         SYMBOL        PDATASTART
  N:0000H         SYMBOL        PPAGE
  N:0000H         SYMBOL        PPAGEENABLE
  D:00A0H         SYMBOL        PPAGE_SFR
  D:0081H         SYMBOL        SP
  C:009FH         SYMBOL        STARTUP1
  N:0000H         SYMBOL        XBPSTACK
  N:0000H         SYMBOL        XBPSTACKTOP
  N:0000H         SYMBOL        XDATALEN
  N:0000H         SYMBOL        XDATASTART
  C:0000H         LINE#         126
  C:009FH         LINE#         133
  C:00A1H         LINE#         134
  C:00A2H         LINE#         135
  C:00A3H         LINE#         136
  C:00A5H         LINE#         185
  C:00A8H         LINE#         196
  -------         ENDMOD        ?C_STARTUP

  -------         MODULE        MAIN
  C:0000H         SYMBOL        _ICE_DUMMY_
  D:0093H         PUBLIC        P0M1
  D:0080H         PUBLIC        P0
  D:0090H         PUBLIC        P1
  D:00A0H         PUBLIC        P2
  D:00B0H         PUBLIC        P3
  D:00C0H         PUBLIC        P4
  D:00C8H         PUBLIC        P5
  D:00E8H         PUBLIC        P6
  B:00A8H.7       PUBLIC        EA
  D:00F8H         PUBLIC        P7
  B:0080H.5       PUBLIC        LED_R
  D:00BAH         PUBLIC        P_SW2
  D:00A8H         PUBLIC        IE
  B:0080H.6       PUBLIC        LED_Y
  D:00B8H         PUBLIC        IP
  D:00D8H         PUBLIC        CCON
  C:01F4H         PUBLIC        main
  C:0363H         PUBLIC        Timer0_Init
  C:032FH         PUBLIC        _?time0_handle
  D:0098H         PUBLIC        SCON
  D:0089H         PUBLIC        TMOD
  D:0088H         PUBLIC        TCON
  D:008EH         PUBLIC        AUXR
  B:00A8H.1       PUBLIC        ET0
  B:0088H.5       PUBLIC        TF0
  D:008CH         PUBLIC        TH0
  D:0011H         PUBLIC        cut
BL51 BANKED LINKER/LOCATER V6.22.4.0                                                  12/28/2023  15:30:58  PAGE 4


  D:008AH         PUBLIC        TL0
  B:0088H.4       PUBLIC        TR0
  I:0015H         PUBLIC        task_stack1
  I:0047H         PUBLIC        task_stack2
  C:0306H         PUBLIC        task1
  C:02A9H         PUBLIC        task2
  D:00D0H         PUBLIC        PSW
  B:0080H.7       PUBLIC        LED_G
  D:0094H         PUBLIC        P0M0
  -------         PROC          TASK1
  C:0306H         LINE#         28
  C:0306H         LINE#         29
  C:0306H         LINE#         30
  C:0306H         LINE#         31
  C:0306H         LINE#         32
  C:0308H         LINE#         33
  C:0313H         LINE#         35
  C:0315H         LINE#         36
  C:0320H         LINE#         38
  C:0322H         LINE#         39
  C:032DH         LINE#         41
  -------         ENDPROC       TASK1
  -------         PROC          TASK2
  C:02A9H         LINE#         44
  C:02A9H         LINE#         45
  C:02A9H         LINE#         47
  C:02A9H         LINE#         48
  C:02A9H         LINE#         49
  C:02ABH         LINE#         50
  C:02B6H         LINE#         51
  C:02C1H         LINE#         53
  C:02C3H         LINE#         54
  C:02CEH         LINE#         55
  C:02D9H         LINE#         57
  -------         ENDPROC       TASK2
  -------         PROC          _?TIME0_HANDLE
  C:032FH         LINE#         64
  C:032FH         LINE#         67
  C:0337H         LINE#         69
  C:033FH         LINE#         70
  C:033FH         LINE#         71
  C:0344H         LINE#         72
  C:0346H         LINE#         73
  C:0346H         LINE#         74
  -------         ENDPROC       _?TIME0_HANDLE
  -------         PROC          TIMER0_INIT
  C:0363H         LINE#         77
  C:0363H         LINE#         78
  C:0363H         LINE#         79
  C:0366H         LINE#         80
  C:0369H         LINE#         81
  C:036CH         LINE#         82
  C:036FH         LINE#         83
  C:0371H         LINE#         84
  C:0373H         LINE#         85
  C:0375H         LINE#         86
  -------         ENDPROC       TIMER0_INIT
BL51 BANKED LINKER/LOCATER V6.22.4.0                                                  12/28/2023  15:30:58  PAGE 5


  -------         PROC          MAIN
  C:01F4H         LINE#         89
  C:01F4H         LINE#         90
  C:01F4H         LINE#         91
  C:01F7H         LINE#         92
  C:01F9H         LINE#         93
  C:01FCH         LINE#         94
  C:01FEH         LINE#         95
  C:0201H         LINE#         97
  C:0217H         LINE#         98
  C:022FH         LINE#         99
  C:0232H         LINE#         102
  C:0232H         LINE#         103
  C:0232H         LINE#         105
  -------         ENDPROC       MAIN
  -------         ENDMOD        MAIN

  -------         MODULE        OS_TASK
  C:0000H         SYMBOL        _ICE_DUMMY_
  D:0080H         PUBLIC        P0
  D:0090H         PUBLIC        P1
  D:00A0H         PUBLIC        P2
  D:00B0H         PUBLIC        P3
  D:00C0H         PUBLIC        P4
  D:00C8H         PUBLIC        P5
  D:00E8H         PUBLIC        P6
  B:00A8H.7       PUBLIC        EA
  D:00F8H         PUBLIC        P7
  D:00A8H         PUBLIC        IE
  C:000EH         PUBLIC        time_handleHook
  D:00B8H         PUBLIC        IP
  D:0081H         PUBLIC        SP
  D:00D8H         PUBLIC        CCON
  I:0079H         PUBLIC        task_idle_stack
  D:0098H         PUBLIC        SCON
  D:0088H         PUBLIC        TCON
  C:01A1H         PUBLIC        _os_task_create
  C:0349H         PUBLIC        _os_delay
  I:00ABH         PUBLIC        tcb_list
  C:0270H         PUBLIC        os_switch
  D:0013H         PUBLIC        max_task
  D:0014H         PUBLIC        task_id
  C:02DBH         PUBLIC        os_start
  C:0003H         PUBLIC        os_idle_task
  D:00D0H         PUBLIC        PSW
  -------         PROC          OS_SWITCH
  -------         DO            
  D:0007H         SYMBOL        ost_i
  -------         ENDDO         
  C:0270H         LINE#         36
  C:0270H         LINE#         37
  C:0270H         LINE#         39
  C:0272H         LINE#         43
  C:027DH         LINE#         45
  C:0283H         LINE#         46
  C:0283H         LINE#         47
  C:028FH         LINE#         48
BL51 BANKED LINKER/LOCATER V6.22.4.0                                                  12/28/2023  15:30:58  PAGE 6


  C:028FH         LINE#         49
  C:0291H         LINE#         50
  C:0291H         LINE#         52
  C:0291H         LINE#         53
  C:0294H         LINE#         54
  C:0299H         LINE#         55
  C:0299H         LINE#         56
  C:029CH         LINE#         57
  C:029CH         LINE#         58
  C:02A8H         LINE#         62
  -------         ENDPROC       OS_SWITCH
  -------         PROC          _OS_TASK_CREATE
  D:0008H         SYMBOL        task
  D:000BH         SYMBOL        tstack
  D:000EH         SYMBOL        tid
  C:01A1H         LINE#         64
  C:01A7H         LINE#         65
  C:01A7H         LINE#         67
  C:01B3H         LINE#         68
  C:01C1H         LINE#         70
  C:01D3H         LINE#         71
  C:01DDH         LINE#         72
  C:01F1H         LINE#         79
  C:01F3H         LINE#         80
  -------         ENDPROC       _OS_TASK_CREATE
  -------         PROC          OS_START
  C:02DBH         LINE#         83
  C:02DBH         LINE#         84
  C:02DBH         LINE#         85
  C:02DDH         LINE#         87
  C:02F4H         LINE#         90
  C:02F7H         LINE#         91
  C:0303H         LINE#         94
  C:0305H         LINE#         96
  -------         ENDPROC       OS_START
  -------         PROC          _OS_DELAY
  D:0004H         SYMBOL        tasks
  C:0349H         LINE#         100
  C:0349H         LINE#         101
  C:0349H         LINE#         102
  C:0349H         LINE#         104
  C:0355H         LINE#         106
  C:0360H         LINE#         108
  -------         ENDPROC       _OS_DELAY
  -------         PROC          OS_IDLE_TASK
  C:0003H         LINE#         112
  C:0003H         LINE#         113
  C:0003H         LINE#         114
  -------         ENDPROC       OS_IDLE_TASK
  -------         PROC          TIME_HANDLEHOOK
  -------         DO            
  D:0010H         SYMBOL        ti
  -------         ENDDO         
  C:000EH         LINE#         116
  C:000EH         LINE#         117
  C:000EH         LINE#         118
  C:0011H         LINE#         121
BL51 BANKED LINKER/LOCATER V6.22.4.0                                                  12/28/2023  15:30:58  PAGE 7


  C:001DH         LINE#         122
  C:001DH         LINE#         123
  C:002BH         LINE#         124
  C:002BH         LINE#         125
  C:002BH         LINE#         126
  C:002BH         LINE#         128
  C:0052H         LINE#         129
  C:0052H         LINE#         130
  C:0062H         LINE#         132
  C:006DH         LINE#         133
  C:006FH         LINE#         134
  C:006FH         LINE#         135
  C:0097H         LINE#         136
  C:009CH         LINE#         137
  -------         ENDPROC       TIME_HANDLEHOOK
  -------         ENDMOD        OS_TASK

  -------         MODULE        OS_CPU_A_ASM
  C:0234H         SEGMENT       ?PR?TIMER0_ISR?OS_CPU_A_ASM
  D:00E0H         SYMBOL        ACC
  D:00F0H         SYMBOL        B
  D:0083H         SYMBOL        DPH
  D:0082H         SYMBOL        DPL
  B:00A8H.7       SYMBOL        EA
  N:0000H         SYMBOL        OS_CPU_A_ASM
  D:00D0H         SYMBOL        PSW
  C:0234H         SYMBOL        TIMER0_ISR
  C:0234H         LINE#         124
  C:0236H         LINE#         126
  C:0238H         LINE#         126
  C:023AH         LINE#         126
  C:023CH         LINE#         126
  C:023EH         LINE#         126
  C:0240H         LINE#         126
  C:0242H         LINE#         126
  C:0244H         LINE#         126
  C:0246H         LINE#         126
  C:0248H         LINE#         126
  C:024AH         LINE#         126
  C:024CH         LINE#         126
  C:024EH         LINE#         126
  C:0250H         LINE#         127
  C:0253H         LINE#         128
  C:0255H         LINE#         128
  C:0257H         LINE#         128
  C:0259H         LINE#         128
  C:025BH         LINE#         128
  C:025DH         LINE#         128
  C:025FH         LINE#         128
  C:0261H         LINE#         128
  C:0263H         LINE#         128
  C:0265H         LINE#         128
  C:0267H         LINE#         128
  C:0269H         LINE#         128
  C:026BH         LINE#         128
  C:026DH         LINE#         131
  C:026FH         LINE#         134
BL51 BANKED LINKER/LOCATER V6.22.4.0                                                  12/28/2023  15:30:58  PAGE 8


  C:000BH         LINE#         139
  -------         ENDMOD        OS_CPU_A_ASM

  -------         MODULE        ?C?CSTPTR
  C:012BH         PUBLIC        ?C?CSTPTR
  -------         ENDMOD        ?C?CSTPTR

  -------         MODULE        ?C?CSTOPTR
  C:013DH         PUBLIC        ?C?CSTOPTR
  -------         ENDMOD        ?C?CSTOPTR

  -------         MODULE        ?C?ULCMP
  C:015FH         PUBLIC        ?C?ULCMP
  -------         ENDMOD        ?C?ULCMP

  -------         MODULE        ?C?LLDIDATA
  C:0170H         PUBLIC        ?C?LLDIDATA
  -------         ENDMOD        ?C?LLDIDATA

  -------         MODULE        ?C?LSTIDATA
  C:017CH         PUBLIC        ?C?LSTIDATA
  -------         ENDMOD        ?C?LSTIDATA

  -------         MODULE        ?C?LSTKIDATA
  C:0188H         PUBLIC        ?C?LSTKIDATA
  -------         ENDMOD        ?C?LSTKIDATA

Program Size: data=217.0 xdata=0 code=891
LINK/LOCATE RUN COMPLETE.  0 WARNING(S),  0 ERROR(S)
