BL51 BANKED LINKER/LOCATER V6.22.2.0                                                    12/21/2023  21:58:46  PAGE 1


BL51 BANKED LINKER/LOCATER V6.22.2.0, INVOKED BY:
D:\KEIL_V5_C51\C51\BIN\BL51.EXE .\Objects\STARTUP.obj, .\Objects\main.obj, .\Objects\os_port.obj, .\Objects\os_task.obj 
>> TO .\Objects\ºôÎüµÆpwm PRINT (.\Listings\ºôÎüµÆpwm.m51) RAMSIZE (256)


MEMORY MODEL: SMALL


INPUT MODULES INCLUDED:
  .\Objects\STARTUP.obj (?C_STARTUP)
  .\Objects\main.obj (MAIN)
  .\Objects\os_port.obj (OS_PORT)
  .\Objects\os_task.obj (OS_TASK)
  D:\KEIL_V5_C51\C51\LIB\C51S.LIB (?C_INIT)


LINK MAP OF MODULE:  .\Objects\ºôÎüµÆpwm (?C_STARTUP)


            TYPE    BASE      LENGTH    RELOCATION   SEGMENT NAME
            -----------------------------------------------------

            * * * * * * *   D A T A   M E M O R Y   * * * * * * *
            REG     0000H     0008H     ABSOLUTE     "REG BANK 0"
            DATA    0008H     0006H     UNIT         ?DT?MAIN
            DATA    000EH     0002H     UNIT         ?DT?_OS_TASK_DELAY?OS_TASK
            IDATA   0010H     002AH     UNIT         ?ID?MAIN
            IDATA   003AH     0001H     UNIT         ?STACK

            * * * * * * *   C O D E   M E M O R Y   * * * * * * *
            CODE    0000H     0003H     ABSOLUTE     
                    0003H     07FDH                  *** GAP ***
            CODE    0800H     008CH     UNIT         ?C_C51STARTUP
            CODE    088CH     002FH     INBLOCK      ?PR?_TASK_LOAD?MAIN
            CODE    08BBH     0025H     INBLOCK      ?PR?TASK_SWITCH?MAIN
            CODE    08E0H     001DH     INBLOCK      ?PR?MAIN?MAIN
            CODE    08FDH     0013H     INBLOCK      ?PR?_DELAY_MS?MAIN
            CODE    0910H     0010H     INBLOCK      ?PR?TASK2?MAIN
            CODE    0920H     000EH     INBLOCK      ?PR?TASK1?MAIN
            CODE    092EH     000CH     INBLOCK      ?PR?_SWITCH_TO?MAIN
            CODE    093AH     000BH     INBLOCK      ?PR?DELAY1MS?MAIN
            CODE    0945H     0005H     UNIT         ?C_INITSEG
            CODE    094AH     0005H     INBLOCK      ?PR?_OS_TASK_DELAY?OS_TASK
            CODE    094FH     0001H     INBLOCK      ?PR?OS_TASK_START_SCHEDULER?OS_TASK
            CODE    0950H     0001H     INBLOCK      ?PR?OS_TASK_CREATE?OS_TASK
            CODE    0951H     0001H     INBLOCK      ?PR?OS_TASK_DELETE?OS_TASK
            CODE    0952H     0001H     INBLOCK      ?PR?OS_TASK_SUSPEND?OS_TASK



OVERLAY MAP OF MODULE:   .\Objects\ºôÎüµÆpwm (?C_STARTUP)


SEGMENT
  +--> CALLED SEGMENT
---------------------
?C_C51STARTUP
  +--> ?PR?MAIN?MAIN
BL51 BANKED LINKER/LOCATER V6.22.2.0                                                  12/21/2023  21:58:46  PAGE 2


  +--> ?C_INITSEG

?PR?MAIN?MAIN
  +--> ?PR?TASK1?MAIN
  +--> ?PR?_TASK_LOAD?MAIN
  +--> ?PR?TASK2?MAIN
  +--> ?PR?_SWITCH_TO?MAIN

?PR?TASK1?MAIN
  +--> ?PR?_DELAY_MS?MAIN
  +--> ?PR?TASK_SWITCH?MAIN

?PR?_DELAY_MS?MAIN
  +--> ?PR?DELAY1MS?MAIN

?PR?TASK2?MAIN
  +--> ?PR?_DELAY_MS?MAIN
  +--> ?PR?TASK_SWITCH?MAIN



SYMBOL TABLE OF MODULE:  .\Objects\ºôÎüµÆpwm (?C_STARTUP)

  VALUE           TYPE          NAME
  ----------------------------------

  -------         MODULE        ?C_STARTUP
  C:0800H         SEGMENT       ?C_C51STARTUP
  I:003AH         SEGMENT       ?STACK
  C:0000H         PUBLIC        ?C_STARTUP
  D:00E0H         SYMBOL        ACC
  D:00F0H         SYMBOL        B
  D:0083H         SYMBOL        DPH
  D:0082H         SYMBOL        DPL
  N:0000H         SYMBOL        IBPSTACK
  N:0100H         SYMBOL        IBPSTACKTOP
  N:0080H         SYMBOL        IDATALEN
  C:0803H         SYMBOL        IDATALOOP
  N:0000H         SYMBOL        PBPSTACK
  N:0100H         SYMBOL        PBPSTACKTOP
  N:0000H         SYMBOL        PDATALEN
  N:0000H         SYMBOL        PDATASTART
  N:0000H         SYMBOL        PPAGE
  N:0000H         SYMBOL        PPAGEENABLE
  D:00A0H         SYMBOL        PPAGE_SFR
  D:0081H         SYMBOL        SP
  C:0800H         SYMBOL        STARTUP1
  N:0000H         SYMBOL        XBPSTACK
  N:0000H         SYMBOL        XBPSTACKTOP
  N:0000H         SYMBOL        XDATALEN
  N:0000H         SYMBOL        XDATASTART
  C:0000H         LINE#         126
  C:0800H         LINE#         133
  C:0802H         LINE#         134
  C:0803H         LINE#         135
  C:0804H         LINE#         136
  C:0806H         LINE#         185
BL51 BANKED LINKER/LOCATER V6.22.2.0                                                  12/21/2023  21:58:46  PAGE 3


  C:0809H         LINE#         196
  -------         ENDMOD        ?C_STARTUP

  -------         MODULE        MAIN
  C:0000H         SYMBOL        _ICE_DUMMY_
  D:0093H         PUBLIC        P0M1
  D:0080H         PUBLIC        P0
  D:0090H         PUBLIC        P1
  D:00A0H         PUBLIC        P2
  D:00B0H         PUBLIC        P3
  D:00C0H         PUBLIC        P4
  C:093AH         PUBLIC        Delay1ms
  D:00C8H         PUBLIC        P5
  D:00E8H         PUBLIC        P6
  D:00F8H         PUBLIC        P7
  B:0080H.5       PUBLIC        LED_R
  D:00A8H         PUBLIC        IE
  B:0080H.6       PUBLIC        LED_Y
  D:00B8H         PUBLIC        IP
  D:0081H         PUBLIC        SP
  D:00D8H         PUBLIC        CCON
  C:08E0H         PUBLIC        main
  C:08BBH         PUBLIC        task_switch
  I:0010H         PUBLIC        task_stack
  D:0098H         PUBLIC        SCON
  D:0088H         PUBLIC        TCON
  C:088CH         PUBLIC        _task_load
  C:08FDH         PUBLIC        _delay_ms
  C:092EH         PUBLIC        _switch_to
  D:000AH         PUBLIC        max_task
  D:000CH         PUBLIC        task_id
  C:0920H         PUBLIC        task1
  C:0910H         PUBLIC        task2
  I:0038H         PUBLIC        task_sp
  D:00D0H         PUBLIC        PSW
  D:0094H         PUBLIC        P0M0
  -------         PROC          DELAY1MS
  -------         DO            
  D:0007H         SYMBOL        i
  D:0006H         SYMBOL        j
  -------         ENDDO         
  C:093AH         LINE#         19
  C:093AH         LINE#         20
  C:093AH         LINE#         23
  C:093BH         LINE#         24
  C:093CH         LINE#         25
  C:093EH         LINE#         26
  C:0940H         LINE#         28
  C:0940H         LINE#         29
  C:0942H         LINE#         30
  C:0944H         LINE#         31
  -------         ENDPROC       DELAY1MS
  -------         PROC          _DELAY_MS
  D:0004H         SYMBOL        ms
  C:08FDH         LINE#         34
  C:0901H         LINE#         35
  C:0901H         LINE#         36
BL51 BANKED LINKER/LOCATER V6.22.2.0                                                  12/21/2023  21:58:46  PAGE 4


  C:090BH         LINE#         37
  C:090BH         LINE#         38
  C:090DH         LINE#         39
  C:090FH         LINE#         40
  -------         ENDPROC       _DELAY_MS
  -------         PROC          TASK_SWITCH
  C:08BBH         LINE#         51
  C:08BBH         LINE#         52
  C:08BBH         LINE#         53
  C:08C2H         LINE#         54
  C:08CAH         LINE#         55
  C:08D2H         LINE#         56
  C:08D2H         LINE#         57
  C:08D7H         LINE#         58
  C:08D7H         LINE#         59
  C:08DFH         LINE#         60
  -------         ENDPROC       TASK_SWITCH
  -------         PROC          _TASK_LOAD
  D:0006H         SYMBOL        fn
  D:0004H         SYMBOL        tid
  C:088CH         LINE#         62
  C:088CH         LINE#         63
  C:088CH         LINE#         64
  C:089AH         LINE#         65
  C:08A6H         LINE#         66
  C:08B2H         LINE#         67
  C:08BAH         LINE#         68
  -------         ENDPROC       _TASK_LOAD
  -------         PROC          TASK1
  -------         DO            
  D:0008H         SYMBOL        i
  -------         ENDDO         
  C:0920H         LINE#         70
  C:0920H         LINE#         71
  C:0920H         LINE#         73
  C:0920H         LINE#         74
  C:0920H         LINE#         75
  C:0922H         LINE#         76
  C:0924H         LINE#         77
  C:092AH         LINE#         78
  C:092CH         LINE#         79
  -------         ENDPROC       TASK1
  -------         PROC          TASK2
  -------         DO            
  D:0009H         SYMBOL        j
  -------         ENDDO         
  C:0910H         LINE#         82
  C:0910H         LINE#         83
  C:0910H         LINE#         85
  C:0910H         LINE#         86
  C:0910H         LINE#         87
  C:0914H         LINE#         88
  C:0916H         LINE#         89
  C:091CH         LINE#         90
  C:091EH         LINE#         91
  -------         ENDPROC       TASK2
  -------         PROC          _SWITCH_TO
BL51 BANKED LINKER/LOCATER V6.22.2.0                                                  12/21/2023  21:58:46  PAGE 5


  D:0006H         SYMBOL        tid
  C:092EH         LINE#         94
  C:092EH         LINE#         95
  C:092EH         LINE#         96
  C:0932H         LINE#         97
  C:0939H         LINE#         99
  -------         ENDPROC       _SWITCH_TO
  -------         PROC          MAIN
  C:08E0H         LINE#         103
  C:08E0H         LINE#         104
  C:08E0H         LINE#         105
  C:08E3H         LINE#         106
  C:08E5H         LINE#         107
  C:08E7H         LINE#         108
  C:08EFH         LINE#         109
  C:08F6H         LINE#         110
  C:08FBH         LINE#         112
  C:08FBH         LINE#         113
  C:08FBH         LINE#         115
  -------         ENDPROC       MAIN
  -------         ENDMOD        MAIN

  -------         MODULE        OS_PORT
  C:0000H         SYMBOL        _ICE_DUMMY_
  -------         ENDMOD        OS_PORT

  -------         MODULE        OS_TASK
  C:0000H         SYMBOL        _ICE_DUMMY_
  C:094FH         PUBLIC        os_task_start_scheduler
  C:0951H         PUBLIC        os_task_delete
  C:0950H         PUBLIC        os_task_create
  C:0952H         PUBLIC        os_task_suspend
  C:094AH         PUBLIC        _os_task_delay
  -------         PROC          OS_TASK_START_SCHEDULER
  C:094FH         LINE#         3
  C:094FH         LINE#         4
  C:094FH         LINE#         6
  -------         ENDPROC       OS_TASK_START_SCHEDULER
  -------         PROC          OS_TASK_CREATE
  C:0950H         LINE#         9
  C:0950H         LINE#         10
  C:0950H         LINE#         12
  -------         ENDPROC       OS_TASK_CREATE
  -------         PROC          OS_TASK_DELETE
  C:0951H         LINE#         16
  C:0951H         LINE#         17
  C:0951H         LINE#         19
  -------         ENDPROC       OS_TASK_DELETE
  -------         PROC          OS_TASK_SUSPEND
  C:0952H         LINE#         23
  C:0952H         LINE#         24
  C:0952H         LINE#         26
  -------         ENDPROC       OS_TASK_SUSPEND
  -------         PROC          _OS_TASK_DELAY
  D:000EH         SYMBOL        ticks
  C:094AH         LINE#         30
  C:094EH         LINE#         31
BL51 BANKED LINKER/LOCATER V6.22.2.0                                                  12/21/2023  21:58:46  PAGE 6


  C:094EH         LINE#         32
  C:094EH         LINE#         34
  -------         ENDPROC       _OS_TASK_DELAY
  -------         ENDMOD        OS_TASK

*** WARNING L16: UNCALLED SEGMENT, IGNORED FOR OVERLAY PROCESS
    SEGMENT: ?PR?OS_TASK_START_SCHEDULER?OS_TASK

*** WARNING L16: UNCALLED SEGMENT, IGNORED FOR OVERLAY PROCESS
    SEGMENT: ?PR?OS_TASK_CREATE?OS_TASK

*** WARNING L16: UNCALLED SEGMENT, IGNORED FOR OVERLAY PROCESS
    SEGMENT: ?PR?OS_TASK_DELETE?OS_TASK

*** WARNING L16: UNCALLED SEGMENT, IGNORED FOR OVERLAY PROCESS
    SEGMENT: ?PR?OS_TASK_SUSPEND?OS_TASK

*** WARNING L16: UNCALLED SEGMENT, IGNORED FOR OVERLAY PROCESS
    SEGMENT: ?PR?_OS_TASK_DELAY?OS_TASK

******************************************************************************
* RESTRICTED VERSION WITH 0800H BYTE CODE SIZE LIMIT; USED: 00D5H BYTE (10%) *
******************************************************************************

Program Size: data=59.0 xdata=0 code=342
LINK/LOCATE RUN COMPLETE.  5 WARNING(S),  0 ERROR(S)
