<html>
<body>
<pre>
<h1>礦ision Build Log</h1>
<h2>Tool Versions:</h2>
IDE-Version: μVision V5.38.0.0
Copyright (C) 2022 ARM Ltd and ARM Germany GmbH. All rights reserved.
License Information: Ma WenHao, 无, LIC=JL28G-VZ71K-8T73P-MI3K3-8HHEA-D68DH
 
Tool Versions:
Toolchain:       MDK-ARM Plus  Version: 5.38.0.0
Toolchain Path:  D:\Keil_v5_ARM\ARM\ARM_Compiler_5.06u7\Bin
C Compiler:      Armcc.exe V5.06 update 7 (build 960)
Assembler:       Armasm.exe V5.06 update 7 (build 960)
Linker/Locator:  ArmLink.exe V5.06 update 7 (build 960)
Library Manager: ArmAr.exe V5.06 update 7 (build 960)
Hex Converter:   FromElf.exe V5.06 update 7 (build 960)
CPU DLL:         SARMCM3.DLL V5.38.0.0
Dialog DLL:      DCM.DLL V1.17.5.0
Target DLL:      STLink\ST-LINKIII-KEIL_SWO.dll V3.1.0.0
Dialog DLL:      TCM.DLL V1.56.4.0
 
<h2>Project:</h2>
G:\GItStore\private\Embedded-project\百问网瑞士军刀\01_freertos_template\MDK-ARM\01_freertos_template.uvprojx
Project File Date:  12/06/2023

<h2>Output:</h2>
*** Using Compiler 'V5.06 update 7 (build 960)', folder: 'D:\Keil_v5_ARM\ARM\ARM_Compiler_5.06u7\Bin'
Build target '01_freertos_template'
assembling startup_stm32f103xb.s...
compiling tim.c...
compiling gpio.c...
compiling i2c.c...
compiling main.c...
compiling adc.c...
compiling usart.c...
compiling spi.c...
compiling freertos.c...
../Core/Src/freertos.c(63): warning:  #177-D: variable "g_puxLedStackBuffer"  was declared but never referenced
  static StackType_t    g_puxLedStackBuffer[128]; // 静态分配的栈
../Core/Src/freertos.c(64): warning:  #177-D: variable "g_pxLedTaskBuffer"  was declared but never referenced
  static StaticTask_t   g_pxLedTaskBuffer;		// 静态分配任务的结构体 用它操作任务
../Core/Src/freertos.c(66): warning:  #177-D: variable "g_puxRGBStackBuffer"  was declared but never referenced
  static StackType_t    g_puxRGBStackBuffer[128]; // 静态分配的栈
../Core/Src/freertos.c(67): warning:  #177-D: variable "g_pxRGBTaskBuffer"  was declared but never referenced
  static StaticTask_t   g_pxRGBTaskBuffer;		// 静态分配任务的结构体 用它操作任务
../Core/Src/freertos.c(92): warning:  #177-D: variable "tpi2"  was declared but never referenced
  static struct TaskPrintInfo tpi2 = {0,3,"task2"};
../Core/Src/freertos.c(93): warning:  #177-D: variable "tpi3"  was declared but never referenced
  static struct TaskPrintInfo tpi3 = {0,6,"task3"};
../Core/Src/freertos.c: 6 warnings, 0 errors
compiling Music.c...
Music.c(503): warning:  #223-D: function "vTaskDelay" declared implicitly
  		vTaskDelay(MusicSpeed/Music_Lone_Brave[i][2]);
Music.c: 1 warning, 0 errors
compiling stm32f1xx_it.c...
compiling usb.c...
compiling stm32f1xx_hal_gpio_ex.c...
compiling stm32f1xx_hal_adc_ex.c...
compiling stm32f1xx_hal_timebase_tim.c...
compiling stm32f1xx_hal.c...
compiling stm32f1xx_hal_msp.c...
compiling stm32f1xx_hal_adc.c...
compiling stm32f1xx_hal_rcc.c...
compiling stm32f1xx_hal_rcc_ex.c...
compiling stm32f1xx_hal_gpio.c...
compiling stm32f1xx_hal_cortex.c...
compiling stm32f1xx_hal_exti.c...
compiling stm32f1xx_hal_pwr.c...
compiling stm32f1xx_hal_flash_ex.c...
compiling stm32f1xx_hal_flash.c...
compiling stm32f1xx_hal_dma.c...
compiling stm32f1xx_hal_i2c.c...
compiling stm32f1xx_hal_spi.c...
compiling croutine.c...
compiling event_groups.c...
compiling list.c...
compiling stm32f1xx_hal_tim.c...
compiling queue.c...
compiling stream_buffer.c...
compiling tasks.c...
compiling timers.c...
compiling stm32f1xx_hal_pcd_ex.c...
compiling system_stm32f1xx.c...
compiling stm32f1xx_hal_tim_ex.c...
compiling cmsis_os2.c...
compiling stm32f1xx_ll_usb.c...
compiling heap_4.c...
compiling stm32f1xx_hal_pcd.c...
compiling stm32f1xx_hal_uart.c...
compiling port.c...
compiling driver_lcd.c...
compiling driver_oled.c...
..\Drivers\DshanMCU-F103\driver_oled.c(155): warning:  #177-D: function "OLED_WriteData"  was declared but never referenced
  static int OLED_WriteData(uint8_t data)
..\Drivers\DshanMCU-F103\driver_oled.c(203): warning:  #177-D: function "OLED_H_Scroll"  was declared but never referenced
  static void OLED_H_Scroll(H_SCROLL_DIR dir, uint8_t start, uint8_t fr_time, uint8_t end)
..\Drivers\DshanMCU-F103\driver_oled.c(227): warning:  #177-D: function "OLED_HV_Scroll"  was declared but never referenced
  static void OLED_HV_Scroll(HV_SCROLL_DIR dir, uint8_t start, uint8_t fr_time, uint8_t end, uint8_t offset)
..\Drivers\DshanMCU-F103\driver_oled.c(247): warning:  #177-D: function "OLED_SetVScrollArea"  was declared but never referenced
  static void OLED_SetVScrollArea(uint8_t area, uint8_t row_num)
..\Drivers\DshanMCU-F103\driver_oled.c(296): warning:  #177-D: function "OLED_SetColAddr_HV"  was declared but never referenced
  static void OLED_SetColAddr_HV(uint8_t start, uint8_t end)
..\Drivers\DshanMCU-F103\driver_oled.c(313): warning:  #177-D: function "OLED_SetPageAddr_HV"  was declared but never referenced
  static void OLED_SetPageAddr_HV(uint8_t start, uint8_t end)
..\Drivers\DshanMCU-F103\driver_oled.c(419): warning:  #177-D: function "OLED_SetPreChargePeriod"  was declared but never referenced
  static void OLED_SetPreChargePeriod(uint8_t phase1, uint8_t phase2)
..\Drivers\DshanMCU-F103\driver_oled.c(433): warning:  #177-D: function "OLED_SetVcomhLevel"  was declared but never referenced
  static void OLED_SetVcomhLevel(VCOMH_LEVEL level)
..\Drivers\DshanMCU-F103\driver_oled.c: 8 warnings, 0 errors
compiling driver_led.c...
compiling driver_ds18b20.c...
compiling driver_mpu6050.c...
compiling driver_timer.c...
compiling driver_passive_buzzer.c...
compiling driver_dht11.c...
compiling driver_active_buzzer.c...
compiling driver_color_led.c...
compiling driver_ir_receiver.c...
compiling driver_ir_obstacle.c...
compiling driver_light_sensor.c...
compiling driver_rotary_encoder.c...
compiling driver_spiflash_w25q64.c...
compiling driver_ir_sender.c...
compiling driver_irq.c...
compiling driver_ultrasonic_sr04.c...
compiling driver_motor.c...
compiling driver_key.c...
compiling driver_uart.c...
..\Drivers\DshanMCU-F103\driver_uart.c(105): warning:  #2748-D: null argument provided for parameter marked with attribute "nonnull"
          c = fgetc(NULL);
..\Drivers\DshanMCU-F103\driver_uart.c: 1 warning, 0 errors
linking...
Program Size: Code=19740 RO-data=2408 RW-data=4216 ZI-data=9384  
FromELF: creating hex file...
"01_freertos_template\01_freertos_template.axf" - 0 Error(s), 16 Warning(s).

<h2>Software Packages used:</h2>

Package Vendor: ARM
                http://www.keil.com/pack/ARM.CMSIS.5.9.0.pack
                ARM.CMSIS.5.9.0
                CMSIS (Common Microcontroller Software Interface Standard)
   * Component: CORE Version: 5.6.0

Package Vendor: Keil
                http://www.keil.com/pack/Keil.STM32F1xx_DFP.2.4.0.pack
                Keil.STM32F1xx_DFP.2.4.0
                STMicroelectronics STM32F1 Series Device Support, Drivers and Examples

<h2>Collection of Component include folders:</h2>
  ./RTE/_01_freertos_template
  C:/Users/37723/AppData/Local/Arm/Packs/ARM/CMSIS/5.9.0/CMSIS/Core/Include
  C:/Users/37723/AppData/Local/Arm/Packs/Keil/STM32F1xx_DFP/2.4.0/Device/Include

<h2>Collection of Component Files used:</h2>

   * Component: ARM::CMSIS:CORE:5.6.0
      Include file:  CMSIS/Core/Include/tz_context.h
Build Time Elapsed:  00:00:52
</pre>
</body>
</html>
