<html>
<body>
<pre>
<h1>礦ision Build Log</h1>
<h2>Tool Versions:</h2>
IDE-Version: μVision V5.38.0.0
Copyright (C) 2022 ARM Ltd and ARM Germany GmbH. All rights reserved.
License Information: Ma WenHao, 无, LIC=----
 
Tool Versions:
Toolchain:       MDK-Lite  Version: 5.38.0.0
Toolchain Path:  D:\Keil_v5_ARM\ARM\ARM_Compiler_5.06u7\Bin
C Compiler:      Armcc.exe V5.06 update 7 (build 960)
Assembler:       Armasm.exe V5.06 update 7 (build 960)
Linker/Locator:  ArmLink.exe V5.06 update 7 (build 960)
Library Manager: ArmAr.exe V5.06 update 7 (build 960)
Hex Converter:   FromElf.exe V5.06 update 7 (build 960)
CPU DLL:         SARMCM3.DLL V5.38.0.0
Dialog DLL:      DCM.DLL V1.17.5.0
Target DLL:      STLink\ST-LINKIII-KEIL_SWO.dll V3.1.0.0
Dialog DLL:      TCM.DLL V1.56.4.0
 
<h2>Project:</h2>
G:\GItStore\private\Embedded-project\百问网瑞士军刀\01_freertos_template\MDK-ARM\01_freertos_template.uvprojx
Project File Date:  12/05/2023

<h2>Output:</h2>
*** Using Compiler 'V5.06 update 7 (build 960)', folder: 'D:\Keil_v5_ARM\ARM\ARM_Compiler_5.06u7\Bin'
Build target '01_freertos_template'
compiling driver_oled.c...
..\Drivers\DshanMCU-F103\driver_oled.c(155): warning:  #177-D: function "OLED_WriteData"  was declared but never referenced
  static int OLED_WriteData(uint8_t data)
..\Drivers\DshanMCU-F103\driver_oled.c(203): warning:  #177-D: function "OLED_H_Scroll"  was declared but never referenced
  static void OLED_H_Scroll(H_SCROLL_DIR dir, uint8_t start, uint8_t fr_time, uint8_t end)
..\Drivers\DshanMCU-F103\driver_oled.c(227): warning:  #177-D: function "OLED_HV_Scroll"  was declared but never referenced
  static void OLED_HV_Scroll(HV_SCROLL_DIR dir, uint8_t start, uint8_t fr_time, uint8_t end, uint8_t offset)
..\Drivers\DshanMCU-F103\driver_oled.c(247): warning:  #177-D: function "OLED_SetVScrollArea"  was declared but never referenced
  static void OLED_SetVScrollArea(uint8_t area, uint8_t row_num)
..\Drivers\DshanMCU-F103\driver_oled.c(296): warning:  #177-D: function "OLED_SetColAddr_HV"  was declared but never referenced
  static void OLED_SetColAddr_HV(uint8_t start, uint8_t end)
..\Drivers\DshanMCU-F103\driver_oled.c(313): warning:  #177-D: function "OLED_SetPageAddr_HV"  was declared but never referenced
  static void OLED_SetPageAddr_HV(uint8_t start, uint8_t end)
..\Drivers\DshanMCU-F103\driver_oled.c(419): warning:  #177-D: function "OLED_SetPreChargePeriod"  was declared but never referenced
  static void OLED_SetPreChargePeriod(uint8_t phase1, uint8_t phase2)
..\Drivers\DshanMCU-F103\driver_oled.c(433): warning:  #177-D: function "OLED_SetVcomhLevel"  was declared but never referenced
  static void OLED_SetVcomhLevel(VCOMH_LEVEL level)
..\Drivers\DshanMCU-F103\driver_oled.c: 8 warnings, 0 errors
linking...
Program Size: Code=17868 RO-data=2408 RW-data=200 ZI-data=9384  
FromELF: creating hex file...
"01_freertos_template\01_freertos_template.axf" - 0 Error(s), 8 Warning(s).

<h2>Software Packages used:</h2>

Package Vendor: ARM
                http://www.keil.com/pack/ARM.CMSIS.5.9.0.pack
                ARM.CMSIS.5.9.0
                CMSIS (Common Microcontroller Software Interface Standard)
   * Component: CORE Version: 5.6.0

Package Vendor: Keil
                http://www.keil.com/pack/Keil.STM32F1xx_DFP.2.4.0.pack
                Keil.STM32F1xx_DFP.2.4.0
                STMicroelectronics STM32F1 Series Device Support, Drivers and Examples

<h2>Collection of Component include folders:</h2>
  ./RTE/_01_freertos_template
  C:/Users/37723/AppData/Local/Arm/Packs/ARM/CMSIS/5.9.0/CMSIS/Core/Include
  C:/Users/37723/AppData/Local/Arm/Packs/Keil/STM32F1xx_DFP/2.4.0/Device/Include

<h2>Collection of Component Files used:</h2>

   * Component: ARM::CMSIS:CORE:5.6.0
      Include file:  CMSIS/Core/Include/tz_context.h
Build Time Elapsed:  00:00:03
</pre>
</body>
</html>
